Component: ARM Compiler 5.06 update 2 (build 183) Tool: armlink [4d35b7]

==============================================================================

Section Cross References

    swi_table.o(SWI_TABLE) refers to hal_arm.o(i.__SWI_0) for __SWI_0
    swi_table.o(SWI_TABLE) refers to rt_membox.o(i.__SWI_1) for __SWI_1
    swi_table.o(SWI_TABLE) refers to rt_membox.o(i.__SWI_2) for __SWI_2
    swi_table.o(SWI_TABLE) refers to hal_arm.o(i.__SWI_3) for __SWI_3
    swi_table.o(SWI_TABLE) refers to hal_arm.o(i.__SWI_4) for __SWI_4
    swi_table.o(SWI_TABLE) refers to rtx_conf_lpc23xx.o(.text) for __SWI_5
    swi_table.o(SWI_TABLE) refers to hal_arm.o(i.__SWI_6) for __SWI_6
    swi_table.o(SWI_TABLE) refers to hal_arm.o(i.__SWI_7) for __SWI_7
    swi_table.o(SWI_TABLE) refers to usbd_lpc23xx.o(.text) for __SWI_8
    lpc2300.o(STACK) refers (Special) to heapauxi.o(.text) for __use_two_region_memory
    lpc2300.o(HEAP) refers (Special) to heapauxi.o(.text) for __use_two_region_memory
    lpc2300.o(RESET) refers (Special) to heapauxi.o(.text) for __use_two_region_memory
    lpc2300.o(RESET) refers to hal_arm.o(.emb_text) for SWI_Handler
    lpc2300.o(RESET) refers to lpc2300.o(STACK) for Stack_Top
    lpc2300.o(RESET) refers to __main.o(!!!main) for __main
    lpc2300.o(.text) refers (Special) to heapauxi.o(.text) for __use_two_region_memory
    lpc2300.o(.text) refers to lpc2300.o(HEAP) for Heap_Mem
    lpc2300.o(.text) refers to lpc2300.o(STACK) for Stack_Mem
    file_config.o(.text) refers to fs_mci.o(i.mci_Init) for mci_Init
    file_config.o(.text) refers to fs_mci.o(i.mci_UnInit) for mci_UnInit
    file_config.o(.text) refers to fs_mci.o(i.mci_ReadSector) for mci_ReadSector
    file_config.o(.text) refers to fs_mci.o(i.mci_WriteSector) for mci_WriteSector
    file_config.o(.text) refers to fs_mci.o(i.mci_ReadInfo) for mci_ReadInfo
    file_config.o(.text) refers to fs_mci.o(i.mci_DevCtrl) for mci_DevCtrl
    file_config.o(.text) refers to file_config.o(.bss) for .bss
    file_config.o(.text) refers to file_config.o(.ARM.__AT_0x7FD00000) for .ARM.__AT_0x7FD00000
    file_config.o(.text) refers to file_config.o(.constdata) for .constdata
    file_config.o(.text) refers to mci_lpc23xx.o(.constdata) for mci0_drv
    file_config.o(.text) refers to streamlock.o(.data) for _stream_list_lock
    file_config.o(.constdata) refers to file_config.o(.text) for mc0_Init
    file_config.o(.constdata) refers to file_config.o(.bss) for mc0_vol
    usb_config.o(.text) refers to rt_event.o(i.os_evt_wait) for os_evt_wait
    usb_config.o(.text) refers to rt_event.o(i.os_evt_get) for os_evt_get
    usb_config.o(.text) refers to usbd_cdc_acm.o(i.USBD_CDC_ACM_Reset_Event) for USBD_CDC_ACM_Reset_Event
    usb_config.o(.text) refers to usbd_adc.o(i.USBD_ADC_SOF_Event) for USBD_ADC_SOF_Event
    usb_config.o(.text) refers to usbd_cdc_acm.o(i.USBD_CDC_ACM_SOF_Event) for USBD_CDC_ACM_SOF_Event
    usb_config.o(.text) refers to rt_event.o(i.os_evt_set) for os_evt_set
    usb_config.o(.text) refers to usbd_user_msc.o(.text) for usbd_msc_init
    usb_config.o(.text) refers to usbd_user_adc.o(.text) for usbd_adc_init
    usb_config.o(.text) refers to usbd_cdc_acm.o(i.USBD_CDC_ACM_Initialize) for USBD_CDC_ACM_Initialize
    usb_config.o(.text) refers to rt_task.o(i.os_tsk_create0) for os_tsk_create0
    usb_config.o(.text) refers to usbd_core.o(.data) for USBD_RTX_DevTask
    usb_config.o(.text) refers to usb_config.o(.constdata) for .constdata
    usb_config.o(.text) refers to usbd_core.o(.bss) for USBD_RTX_EPTask
    usb_config.o(.text) refers to usbd_core.o(.data) for USBD_RTX_CoreTask
    usb_config.o(.constdata) refers to usbd_core.o(i.USBD_EndPoint0) for USBD_EndPoint0
    usb_config.o(.constdata) refers to usb_config.o(.text) for USBD_RTX_Device
    usb_config.o(.constdata) refers to usbd_core.o(i.USBD_RTX_EndPoint0) for USBD_RTX_EndPoint0
    usb_config.o(.constdata) refers to usbd_cdc_acm.o(i.USBD_RTX_CDC_ACM_EP_INTIN_Event) for USBD_RTX_CDC_ACM_EP_INTIN_Event
    usb_config.o(.constdata) refers to usbd_msc.o(i.USBD_RTX_MSC_EP_BULK_Event) for USBD_RTX_MSC_EP_BULK_Event
    usb_config.o(.constdata) refers to usbd_cdc_acm.o(i.USBD_RTX_CDC_ACM_EP_BULK_Event) for USBD_RTX_CDC_ACM_EP_BULK_Event
    usb_config.o(.data) refers to usb_config.o(.conststring) for .conststring
    rtx_conf_lpc23xx.o(.text) refers to rt_task.o(i.os_tsk_self) for os_tsk_self
    rtx_conf_lpc23xx.o(.text) refers to rt_mutex.o(i.os_mut_init) for os_mut_init
    rtx_conf_lpc23xx.o(.text) refers to rt_mutex.o(i.os_mut_wait) for os_mut_wait
    rtx_conf_lpc23xx.o(.text) refers to rt_mutex.o(i.os_mut_release) for os_mut_release
    rtx_conf_lpc23xx.o(.text) refers to hal_arm.o(.emb_text) for os_clock_interrupt
    rtx_conf_lpc23xx.o(.text) refers to rtx_conf_lpc23xx.o(.bss) for .bss
    rtx_conf_lpc23xx.o(.text) refers to libspace.o(.bss) for __libspace_start
    rtx_conf_lpc23xx.o(.text) refers to rtx_conf_lpc23xx.o(.data) for .data
[...]
    USBD_MSC_ServiceActionIn16               0x000044b1   Thumb Code    76  usbd_msc.o(i.USBD_MSC_ServiceActionIn16)
    USBD_MSC_SetCSW                          0x0000450d   Thumb Code    38  usbd_msc.o(i.USBD_MSC_SetCSW)
    USBD_MSC_SetStallEP                      0x00004545   Thumb Code    42  usbd_msc.o(i.USBD_MSC_SetStallEP)
    USBD_MSC_StartStopUnit                   0x00004575   Thumb Code    46  usbd_msc.o(i.USBD_MSC_StartStopUnit)
    USBD_MSC_SynchronizeCache                0x000045ad   Thumb Code    18  usbd_msc.o(i.USBD_MSC_SynchronizeCache)
    USBD_MSC_TestUnitReady                   0x000045c5   Thumb Code    92  usbd_msc.o(i.USBD_MSC_TestUnitReady)
    USBD_RTX_CDC_ACM_EP_BULK_Event           0x00004635   Thumb Code    20  usbd_cdc_acm.o(i.USBD_RTX_CDC_ACM_EP_BULK_Event)
    USBD_RTX_CDC_ACM_EP_INTIN_Event          0x0000464d   Thumb Code    16  usbd_cdc_acm.o(i.USBD_RTX_CDC_ACM_EP_INTIN_Event)
    USBD_RTX_EndPoint0                       0x00004661   Thumb Code    20  usbd_core.o(i.USBD_RTX_EndPoint0)
    USBD_RTX_MSC_EP_BULK_Event               0x00004679   Thumb Code    20  usbd_msc.o(i.USBD_RTX_MSC_EP_BULK_Event)
    USBD_ReqClrFeature_MSC                   0x00004691   Thumb Code    12  usbd_core_msc.o(i.USBD_ReqClrFeature_MSC)
    USBD_ReqGetDescriptor                    0x0000469d   Thumb Code   304  usbd_core.o(i.USBD_ReqGetDescriptor)
    USBD_ReqGetStatus                        0x000047f9   Thumb Code   124  usbd_core.o(i.USBD_ReqGetStatus)
    USBD_ReqSetClrFeature                    0x0000487d   Thumb Code   174  usbd_core.o(i.USBD_ReqSetClrFeature)
    USBD_ReqSetConfiguration                 0x00004935   Thumb Code   364  usbd_core.o(i.USBD_ReqSetConfiguration)
    USBD_ReqSetInterface                     0x00004abd   Thumb Code   298  usbd_core.o(i.USBD_ReqSetInterface)
    USBD_SetupStage                          0x00004bfd   Thumb Code    16  usbd_core.o(i.USBD_SetupStage)
    USBD_StatusInStage                       0x00004c11   Thumb Code    18  usbd_core.o(i.USBD_StatusInStage)
    USBD_StatusOutStage                      0x00004c25   Thumb Code    16  usbd_core.o(i.USBD_StatusOutStage)
    __ARM_common_call_via_r0                 0x00004c39   Thumb Code     2  fs_mci.o(i.__ARM_common_call_via_r0)
    __ARM_common_call_via_r1                 0x00004c3b   Thumb Code     2  fs_ioc.o(i.__ARM_common_call_via_r1)
    __ARM_common_call_via_r2                 0x00004c3d   Thumb Code     2  fs_ioc.o(i.__ARM_common_call_via_r2)
    __ARM_common_call_via_r3                 0x00004c3f   Thumb Code     2  fs_ioc.o(i.__ARM_common_call_via_r3)
    __ARM_common_call_via_r4                 0x00004c41   Thumb Code     2  fs_mci.o(i.__ARM_common_call_via_r4)
    __ARM_common_call_via_r5                 0x00004c43   Thumb Code     2  fs_mci.o(i.__ARM_common_call_via_r5)
    __ARM_common_call_via_r6                 0x00004c45   Thumb Code     2  fs_mci.o(i.__ARM_common_call_via_r6)
    __ARM_common_call_via_r7                 0x00004c47   Thumb Code     2  fs_mci.o(i.__ARM_common_call_via_r7)
    Inline Thumb to ARM Veneer to __ARM_common_switch8 0x00004c49   Thumb Code     4  uart_lpc23xx.o(i.__ARM_common_switch8)
    __ARM_common_switch8                     0x00004c4c   ARM Code      24  uart_lpc23xx.o(i.__ARM_common_switch8)
    __SWI_0                                  0x00004c65   Thumb Code    46  hal_arm.o(i.__SWI_0)
    __SWI_1                                  0x00004c99   Thumb Code    14  rt_membox.o(i.__SWI_1)
    __SWI_2                                  0x00004ca7   Thumb Code    24  rt_membox.o(i.__SWI_2)
    __SWI_3                                  0x00004cbf   Thumb Code     8  hal_arm.o(i.__SWI_3)
    __SWI_4                                  0x00004cc7   Thumb Code     8  hal_arm.o(i.__SWI_4)
    __SWI_6                                  0x00004ccf   Thumb Code     2  hal_arm.o(i.__SWI_6)
    __SWI_7                                  0x00004cd1   Thumb Code     2  hal_arm.o(i.__SWI_7)
    __sys_close                              0x00004cd5   Thumb Code    74  fs_sys.o(i.__sys_close)
    __sys_ensure                             0x00004d29   Thumb Code    66  fs_sys.o(i.__sys_ensure)
    __sys_flen                               0x00004d79   Thumb Code    58  fs_sys.o(i.__sys_flen)
    __sys_open                               0x00004dbd   Thumb Code   216  fs_sys.o(i.__sys_open)
    __sys_read                               0x00004e9d   Thumb Code    96  fs_sys.o(i.__sys_read)
    __sys_seek                               0x00004f05   Thumb Code    70  fs_sys.o(i.__sys_seek)
    __sys_write                              0x00004f59   Thumb Code    86  fs_sys.o(i.__sys_write)
    _init_box                                0x00004fb9   Thumb Code    74  rt_membox.o(i._init_box)
    entry_pos_set                            0x00005475   Thumb Code   102  fs_fat.o(i.entry_pos_set)
    entry_read                               0x000054db   Thumb Code    58  fs_fat.o(i.entry_read)
    fat_close                                0x00005545   Thumb Code   212  fs_fat.o(i.fat_close)
    fat_open                                 0x0000564d   Thumb Code   454  fs_fat.o(i.fat_open)
    fat_read                                 0x00005813   Thumb Code   226  fs_fat.o(i.fat_read)
    fat_seek                                 0x000058f5   Thumb Code   236  fs_fat.o(i.fat_seek)
    fat_write                                0x000059e1   Thumb Code   356  fs_fat.o(i.fat_write)
    fs_cfg_drv                               0x00005fad   Thumb Code    94  fs_mapi.o(i.fs_cfg_drv)
    fs_chk_media                             0x00006021   Thumb Code    52  fs_lib.o(i.fs_chk_media)
    fs_efs_lock                              0x00006055   Thumb Code    56  fs_lib.o(i.fs_efs_lock)
    fs_fat_lock                              0x00006095   Thumb Code    60  fs_lib.o(i.fs_fat_lock)
    fs_find_drv                              0x000060d9   Thumb Code    38  fs_lib.o(i.fs_find_drv)
    fs_find_iob                              0x00006109   Thumb Code    54  fs_lib.o(i.fs_find_iob)
    fs_get_date                              0x00006149   Thumb Code     4  fs_time.o(i.fs_get_date)
    fs_get_time                              0x00006151   Thumb Code     6  fs_time.o(i.fs_get_time)
    fs_map_drive                             0x00006159   Thumb Code   118  fs_lib.o(i.fs_map_drive)
    ioc_getcb                                0x00006409   Thumb Code    66  fs_ioc.o(i.ioc_getcb)
    ioc_init                                 0x00006455   Thumb Code   132  fs_ioc.o(i.ioc_init)
    ioc_read_info                            0x000064d9   Thumb Code    34  fs_ioc.o(i.ioc_read_info)
    ioc_read_sect                            0x000064fb   Thumb Code    42  fs_ioc.o(i.ioc_read_sect)
    ioc_write_sect                           0x00006525   Thumb Code    42  fs_ioc.o(i.ioc_write_sect)
    Inline ARM to Thumb Veneer to isr_evt_set 0x00006588   ARM Code       8  rt_event.o(i.isr_evt_set)
    isr_evt_set                              0x00006591   Thumb Code    34  rt_event.o(i.isr_evt_set)
    mci_DevCtrl                              0x000065b9   Thumb Code    52  fs_mci.o(i.mci_DevCtrl)
    mci_Init                                 0x000065ed   Thumb Code   854  fs_mci.o(i.mci_Init)
    mci_ReadInfo                             0x00006959   Thumb Code    16  fs_mci.o(i.mci_ReadInfo)
    mci_ReadSector                           0x00006969   Thumb Code   164  fs_mci.o(i.mci_ReadSector)
    mci_UnInit                               0x00006a0d   Thumb Code    30  fs_mci.o(i.mci_UnInit)
    mci_WriteSector                          0x00006a2b   Thumb Code   164  fs_mci.o(i.mci_WriteSector)
    os_block                                 0x00007015   Thumb Code    58  rt_task.o(i.os_block)
    os_chk_robin                             0x0000705d   Thumb Code    60  rt_robin.o(i.os_chk_robin)
    os_dec_dly                               0x000070a5   Thumb Code   116  rt_list.o(i.os_dec_dly)
    os_dispatch                              0x00007121   Thumb Code    60  rt_task.o(i.os_dispatch)
    os_evt_get                               0x00007165   Thumb Code     8  rt_event.o(i.os_evt_get)
    os_evt_psh                               0x00007171   Thumb Code    74  rt_event.o(i.os_evt_psh)
    os_evt_set                               0x000071c1   Thumb Code    94  rt_event.o(i.os_evt_set)
    os_evt_wait                              0x00007225   Thumb Code    90  rt_event.o(i.os_evt_wait)
    os_get_first                             0x00007285   Thumb Code    42  rt_list.o(i.os_get_first)
    os_init_robin                            0x000072fd   Thumb Code    16  rt_robin.o(i.os_init_robin)
    os_init_stack                            0x00007315   Thumb Code   100  hal_arm.o(i.os_init_stack)
    os_mbx_psh                               0x00007389   Thumb Code   140  rt_mailbox.o(i.os_mbx_psh)
    os_mut_init                              0x00007419   Thumb Code    44  rt_mutex.o(i.os_mut_init)
    os_mut_release                           0x00007449   Thumb Code   218  rt_mutex.o(i.os_mut_release)
    os_mut_wait                              0x0000752d   Thumb Code   128  rt_mutex.o(i.os_mut_wait)
    os_psh_req                               0x000075b1   Thumb Code    46  rt_system.o(i.os_psh_req)
    os_psq_enq                               0x000075e5   Thumb Code    46  rt_list.o(i.os_psq_enq)
    os_put_dly                               0x00007619   Thumb Code    76  rt_list.o(i.os_put_dly)
    os_put_prio                              0x00007669   Thumb Code    62  rt_list.o(i.os_put_prio)
    os_put_rdy_first                         0x000076a9   Thumb Code    14  rt_list.o(i.os_put_rdy_first)
    os_resort_prio                           0x000076bd   Thumb Code    48  rt_list.o(i.os_resort_prio)
    os_rmv_dly                               0x000076f1   Thumb Code    44  rt_list.o(i.os_rmv_dly)
    os_rmv_list                              0x0000771d   Thumb Code    46  rt_list.o(i.os_rmv_list)
    os_sem_psh                               0x00007751   Thumb Code    50  rt_semaphore.o(i.os_sem_psh)
    os_stk_check                             0x00007789   Thumb Code    38  hal_arm.o(i.os_stk_check)
    os_sys_init1                             0x000077b9   Thumb Code   162  rt_task.o(i.os_sys_init1)
    os_sys_manager                           0x000078a1   Thumb Code   184  rt_system.o(i.os_sys_manager)
    os_tmr_tick                              0x0000796d   Thumb Code    58  rt_timer.o(i.os_tmr_tick)
    os_tsk_create0                           0x000079b1   Thumb Code   130  rt_task.o(i.os_tsk_create0)
    os_tsk_delete                            0x00007a41   Thumb Code   312  rt_task.o(i.os_tsk_delete)
    os_tsk_prio                              0x00007b91   Thumb Code   128  rt_task.o(i.os_tsk_prio)
    os_tsk_self                              0x00007c21   Thumb Code    12  rt_task.o(i.os_tsk_self)
    path_validate                            0x00007eb9   Thumb Code    56  fs_fat.o(i.path_validate)
    usbd_configured                          0x000082b1   Thumb Code    12  usbd_core.o(i.usbd_configured)
    usbd_connect                             0x000082c1   Thumb Code    12  usbd_core.o(i.usbd_connect)
    usbd_init                                0x000082cd   Thumb Code    26  usbd_core.o(i.usbd_init)
    usbd_msc_start_stop                      0x000082ed   Thumb Code     2  usbd_msc.o(i.usbd_msc_start_stop)
    Inline ARM to Thumb Veneer to usbd_reset_core 0x000082f0   ARM Code       8  usbd_core.o(i.usbd_reset_core)
    usbd_reset_core                          0x000082f9   Thumb Code    24  usbd_core.o(i.usbd_reset_core)
    Inline Thumb to ARM Veneer to _get_lc_ctype 0x0000850d   Thumb Code     4  lc_ctype_c.o(locale$$code)
    _get_lc_ctype                            0x00008510   ARM Code      80  lc_ctype_c.o(locale$$code)
    __fpl_fcheck_NaN1                        0x00008560   ARM Code       8  fcheck1.o(x$fpl$fcheck1)
    __fpl_fcmp_Inf                           0x0000856c   ARM Code      28  fcmpi.o(x$fpl$fcmpinf)
    Inline Thumb to ARM Veneer to __aeabi_fdiv 0x00008589   Thumb Code     4  fdiv.o(x$fpl$fdiv)
    __aeabi_fdiv                             0x0000858c   ARM Code       0  fdiv.o(x$fpl$fdiv)
    _fdiv                                    0x0000858c   ARM Code     396  fdiv.o(x$fpl$fdiv)
    Inline Thumb to ARM Veneer to __aeabi_f2uiz 0x0000871d   Thumb Code     4  ffixu.o(x$fpl$ffixu)
    __aeabi_f2uiz                            0x00008720   ARM Code       0  ffixu.o(x$fpl$ffixu)
    _ffixu                                   0x00008720   ARM Code      84  ffixu.o(x$fpl$ffixu)
    __aeabi_i2f                              0x00008774   ARM Code       0  fflt_noclz.o(x$fpl$fflt)
    _fflt                                    0x00008774   ARM Code      92  fflt_noclz.o(x$fpl$fflt)
    __fflt_normalise                         0x00008780   ARM Code       0  fflt_noclz.o(x$fpl$fflt)
    Inline Thumb to ARM Veneer to __aeabi_ui2f 0x000087d1   Thumb Code     4  fflt_noclz.o(x$fpl$ffltu)
    __aeabi_ui2f                             0x000087d4   ARM Code       0  fflt_noclz.o(x$fpl$ffltu)
    _ffltu                                   0x000087d4   ARM Code       8  fflt_noclz.o(x$fpl$ffltu)
    Inline Thumb to ARM Veneer to __aeabi_cfcmple 0x000087dd   Thumb Code     4  fleqf.o(x$fpl$fleqf)
    __aeabi_cfcmple                          0x000087e0   ARM Code       0  fleqf.o(x$fpl$fleqf)
    _fcmple                                  0x000087e0   ARM Code     132  fleqf.o(x$fpl$fleqf)
    __fpl_fcmple_InfNaN                      0x0000884c   ARM Code       0  fleqf.o(x$fpl$fleqf)
    Inline Thumb to ARM Veneer to __aeabi_fmul 0x00008865   Thumb Code     4  fmul.o(x$fpl$fmul)
    __aeabi_fmul                             0x00008868   ARM Code       0  fmul.o(x$fpl$fmul)
    _fmul                                    0x00008868   ARM Code     256  fmul.o(x$fpl$fmul)
    __fpl_fnaninf                            0x00008968   ARM Code     168  fnaninf.o(x$fpl$fnaninf)
    __fpl_fretinf                            0x00008a10   ARM Code      16  fretinf.o(x$fpl$fretinf)
    Inline Thumb to ARM Veneer to __aeabi_cfrcmple 0x00008a21   Thumb Code     4  frleqf.o(x$fpl$frleqf)
    __aeabi_cfrcmple                         0x00008a24   ARM Code       0  frleqf.o(x$fpl$frleqf)
    _frcmple                                 0x00008a24   ARM Code     124  frleqf.o(x$fpl$frleqf)
    __fpl_return_NaN                         0x00008aa0   ARM Code     116  retnan.o(x$fpl$retnan)
    Inline Thumb to ARM Veneer to __ARM_scalbnf 0x00008b15   Thumb Code     4  scalbnf.o(x$fpl$scalbnf)
    __ARM_scalbnf                            0x00008b18   ARM Code      92  scalbnf.o(x$fpl$scalbnf)
    __fpl_cmpreturn                          0x00008b74   ARM Code      60  trapv.o(x$fpl$trapveneer)
    _NFILE                                   0x00008bb0   Data           2  file_config.o(.constdata)
    __I$use$fp                               0x00008bb0   Number         0  usenofp.o(x$fpl$usenofp)
    _NDRV                                    0x00008bb2   Data           2  file_config.o(.constdata)
    mc0_drv                                  0x00008bb4   Data          24  file_config.o(.constdata)
    fs_DevPool                               0x00008bcc   Data           8  file_config.o(.constdata)
    usbd_power                               0x00008bd4   Data           1  usb_config.o(.constdata)
    usbd_hs_enable                           0x00008bd5   Data           1  usb_config.o(.constdata)
    usbd_if_num                              0x00008bd6   Data           2  usb_config.o(.constdata)
    usbd_max_packet0                         0x00008bd8   Data           1  usb_config.o(.constdata)
    usbd_msc_if_num                          0x00008bd9   Data           1  usb_config.o(.constdata)
    usbd_msc_ep_bulkin                       0x00008bda   Data           1  usb_config.o(.constdata)
    usbd_msc_ep_bulkout                      0x00008bdb   Data           1  usb_config.o(.constdata)
    usbd_msc_maxpacketsize                   0x00008bdc   Data           4  usb_config.o(.constdata)
    usbd_adc_cif_num                         0x00008be0   Data           1  usb_config.o(.constdata)
    usbd_adc_sif1_num                        0x00008be1   Data           1  usb_config.o(.constdata)
    usbd_adc_sif2_num                        0x00008be2   Data           1  usb_config.o(.constdata)
    usbd_adc_ep_isoout                       0x00008be3   Data           1  usb_config.o(.constdata)
    usbd_adc_cfg_datafreq                    0x00008be4   Data           4  usb_config.o(.constdata)
    usbd_adc_cfg_p_s                         0x00008be8   Data           4  usb_config.o(.constdata)
    usbd_adc_cfg_p_c                         0x00008bec   Data           4  usb_config.o(.constdata)
    usbd_adc_cfg_b_s                         0x00008bf0   Data           4  usb_config.o(.constdata)
    usbd_cdc_acm_cif_num                     0x00008bf4   Data           1  usb_config.o(.constdata)
    usbd_cdc_acm_dif_num                     0x00008bf5   Data           1  usb_config.o(.constdata)
    usbd_cdc_acm_ep_bulkin                   0x00008bf6   Data           1  usb_config.o(.constdata)
    usbd_cdc_acm_ep_bulkout                  0x00008bf7   Data           1  usb_config.o(.constdata)
    usbd_cdc_acm_sendbuf_sz                  0x00008bf8   Data           2  usb_config.o(.constdata)
    usbd_cdc_acm_receivebuf_sz               0x00008bfa   Data           2  usb_config.o(.constdata)
    usbd_cdc_acm_maxpacketsize1              0x00008bfc   Data           4  usb_config.o(.constdata)
    USBD_P_Configure_Event                   0x00008c00   Data           4  usb_config.o(.constdata)
    USBD_P_Interface_Event                   0x00008c04   Data           4  usb_config.o(.constdata)
    USBD_P_Feature_Event                     0x00008c08   Data           4  usb_config.o(.constdata)
    __rtx                                    0x00008c0c   Data           4  usb_config.o(.constdata)
    USBD_RTX_P_Device                        0x00008c10   Data           4  usb_config.o(.constdata)
    USBD_RTX_P_Core                          0x00008c14   Data           4  usb_config.o(.constdata)
    USBD_RTX_P_EP                            0x00008c18   Data          64  usb_config.o(.constdata)
    USBD_DeviceDescriptor                    0x00008c58   Data          18  usb_config.o(.constdata)
    USBD_DeviceQualifier                     0x00008c6a   Data           1  usb_config.o(.constdata)
    USBD_DeviceQualifier_HS                  0x00008c6b   Data           1  usb_config.o(.constdata)
    USBD_ConfigDescriptor                    0x00008c6c   Data         207  usb_config.o(.constdata)
    USBD_ConfigDescriptor_HS                 0x00008d3b   Data           1  usb_config.o(.constdata)
    USBD_OtherSpeedConfigDescriptor          0x00008d3c   Data           1  usb_config.o(.constdata)
    USBD_OtherSpeedConfigDescriptor_HS       0x00008d3d   Data           1  usb_config.o(.constdata)
    USBD_StringDescriptor                    0x00008d3e   Data         192  usb_config.o(.constdata)
    os_maxtaskrun                            0x00008dfe   Data           2  rtx_conf_lpc23xx.o(.constdata)
    os_stackinfo                             0x00008e00   Data           4  rtx_conf_lpc23xx.o(.constdata)
    os_rrobin                                0x00008e04   Data           4  rtx_conf_lpc23xx.o(.constdata)
    os_clockrate                             0x00008e08   Data           4  rtx_conf_lpc23xx.o(.constdata)
    os_timernum                              0x00008e0c   Data           4  rtx_conf_lpc23xx.o(.constdata)
    mp_tcb_size                              0x00008e10   Data           2  rtx_conf_lpc23xx.o(.constdata)
    mp_stk_size                              0x00008e14   Data           4  rtx_conf_lpc23xx.o(.constdata)
    os_fifo_size                             0x00008e18   Data           1  rtx_conf_lpc23xx.o(.constdata)
    mp_tmr_size                              0x00008e1a   Data           2  rtx_conf_lpc23xx.o(.constdata)
    UserFont                                 0x00008e1c   Data          64  lcd_4bit.o(.constdata)
    mci0_drv                                 0x00008e5c   Data          44  mci_lpc23xx.o(.constdata)
    __stdin_name                             0x00008e88   Data           6  retarget.o(.constdata)
    __stdout_name                            0x00008e8e   Data           7  retarget.o(.constdata)
    __stderr_name                            0x00008e95   Data           7  retarget.o(.constdata)
    RL_RTX_Version                           0x00009358   Data           4  rt_system.o(.constdata)
    Region$$Table$$Base                      0x0000937c   Number         0  anon$$obj.o(Region$$Table)
    Region$$Table$$Limit                     0x0000939c   Number         0  anon$$obj.o(Region$$Table)
    __ctype                                  0x000093a9   Data           0  lc_ctype_c.o(locale$$data)
    usbd_msc_inquiry_data                    0x40000000   Data           4  usb_config.o(.data)
    USBD_AltSetting                          0x40000004   Data           5  usb_config.o(.data)
    USBD_EP0Buf                              0x40000009   Data           8  usb_config.o(.data)
    m_tmr                                    0x40000014   Data           4  rtx_conf_lpc23xx.o(.data)
    FlowControl                              0x4000001c   Data           1  uart_lpc23xx.o(.data)
    CDC_OUT                                  0x40000030   Data           4  usbd_lpc23xx.o(.data)
    LastError                                0x40000034   Data           4  usbd_lpc23xx.o(.data)
    PotVal                                   0x40000038   Data           2  usbd_user_adc.o(.data)
    VUM                                      0x4000003c   Data           4  usbd_user_adc.o(.data)
    Tick                                     0x40000040   Data           4  usbd_user_adc.o(.data)
    UART_Config                              0x40000044   Data           8  usbd_user_cdc_acm.o(.data)
    stask                                    0x4000004c   Data           4  memory.o(.data)
    mc0                                      0x40000050   Data           4  memory.o(.data)
    info                                     0x40000054   Data           8  memory.o(.data)
    USBD_DeviceAddress                       0x4000005c   Data           1  usbd_core.o(.data)
    USBD_Configuration                       0x4000005d   Data           1  usbd_core.o(.data)
    USBD_NumInterfaces                       0x4000005e   Data           1  usbd_core.o(.data)
    USBD_HighSpeed                           0x4000005f   Data           1  usbd_core.o(.data)
    USBD_ZLP                                 0x40000060   Data           1  usbd_core.o(.data)
    USBD_DeviceStatus                        0x40000062   Data           2  usbd_core.o(.data)
    USBD_EndPointMask                        0x40000064   Data           4  usbd_core.o(.data)
    USBD_EndPointHalt                        0x40000068   Data           4  usbd_core.o(.data)
    USBD_EndPointNoHaltClr                   0x4000006c   Data           4  usbd_core.o(.data)
    USBD_RTX_CoreTask                        0x40000070   Data           4  usbd_core.o(.data)
    USBD_EP0Data                             0x40000074   Data           8  usbd_core.o(.data)
    USBD_SetupPacket                         0x4000007c   Data           8  usbd_core.o(.data)
    USBD_RTX_DevTask                         0x40000084   Data           4  usbd_core.o(.data)
    USBD_ADC_Mute                            0x40000088   Data           1  usbd_adc.o(.data)
    USBD_ADC_DataRun                         0x40000089   Data           1  usbd_adc.o(.data)
    USBD_ADC_VolCur                          0x4000008a   Data           2  usbd_adc.o(.data)
    USBD_ADC_DataOut                         0x4000008c   Data           2  usbd_adc.o(.data)
    USBD_ADC_DataIn                          0x4000008e   Data           2  usbd_adc.o(.data)
    USBD_ADC_Volume                          0x40000090   Data           4  usbd_adc.o(.data)
    control_line_state                       0x40000094   Data           2  usbd_cdc_acm.o(.data)
    data_send_access                         0x40000098   Data           4  usbd_cdc_acm.o(.data)
    data_send_active                         0x4000009c   Data           4  usbd_cdc_acm.o(.data)
    data_send_zlp                            0x400000a0   Data           4  usbd_cdc_acm.o(.data)
    data_to_send_wr                          0x400000a4   Data           4  usbd_cdc_acm.o(.data)
    data_to_send_rd                          0x400000a8   Data           4  usbd_cdc_acm.o(.data)
    ptr_data_to_send                         0x400000ac   Data           4  usbd_cdc_acm.o(.data)
    ptr_data_sent                            0x400000b0   Data           4  usbd_cdc_acm.o(.data)
    data_read_access                         0x400000b4   Data           4  usbd_cdc_acm.o(.data)
    data_receive_int_access                  0x400000b8   Data           4  usbd_cdc_acm.o(.data)
    data_received_pending_pckts              0x400000bc   Data           4  usbd_cdc_acm.o(.data)
    data_no_space_for_receive                0x400000c0   Data           4  usbd_cdc_acm.o(.data)
    ptr_data_received                        0x400000c4   Data           4  usbd_cdc_acm.o(.data)
    ptr_data_read                            0x400000c8   Data           4  usbd_cdc_acm.o(.data)
    line_coding                              0x400000cc   Data           7  usbd_cdc_acm.o(.data)
    BulkStage                                0x400000d4   Data           1  usbd_msc.o(.data)
    USBD_MSC_MediaReady                      0x400000d8   Data           4  usbd_msc.o(.data)
    USBD_MSC_ReadOnly                        0x400000dc   Data           4  usbd_msc.o(.data)
    USBD_MSC_MediaReadyEx                    0x400000e0   Data           4  usbd_msc.o(.data)
    USBD_MSC_BlockSize                       0x400000e4   Data           4  usbd_msc.o(.data)
    USBD_MSC_BlockGroup                      0x400000e8   Data           4  usbd_msc.o(.data)
    USBD_MSC_BlockCount                      0x400000ec   Data           4  usbd_msc.o(.data)
    USBD_MSC_BlockBuf                        0x400000f0   Data           4  usbd_msc.o(.data)
    MemOK                                    0x400000f4   Data           4  usbd_msc.o(.data)
    Block                                    0x400000f8   Data           4  usbd_msc.o(.data)
    Offset                                   0x400000fc   Data           4  usbd_msc.o(.data)
    Length                                   0x40000100   Data           4  usbd_msc.o(.data)
    BulkLen                                  0x40000104   Data           4  usbd_msc.o(.data)
    USBD_MSC_MemorySize                      0x40000108   Data           4  usbd_msc.o(.data)
    os_runtask                               0x4000010c   Data           4  rt_task.o(.data)
    sys_stktop                               0x40000110   Data           4  hal_arm.o(.data)
    sys_mode                                 0x40000114   Data           1  hal_arm.o(.data)
    os_psh                                   0x40000118   Data           8  rt_system.o(.data)
    os_robin                                 0x40000120   Data           8  rt_robin.o(.data)
    os_time                                  0x40000128   Data           4  rt_time.o(.data)
    os_tmr                                   0x4000012c   Data           8  rt_timer.o(.data)
    _stream_list_lock                        0x40000134   Data           4  streamlock.o(.data)
    __aeabi_stdin                            0x40000138   Data           4  stdio_streams.o(.data)
    __aeabi_stdout                           0x4000013c   Data           4  stdio_streams.o(.data)
    __aeabi_stderr                           0x40000140   Data           4  stdio_streams.o(.data)
    _iob                                     0x40000144   Data         288  file_config.o(.bss)
    USBD_MSC_BulkBuf                         0x400002f0   Data          64  usb_config.o(.bss)
    USBD_ADC_DataBuf                         0x40000330   Data         512  usb_config.o(.bss)
    USBD_CDC_ACM_SendBuf                     0x40000530   Data         128  usb_config.o(.bss)
    USBD_CDC_ACM_ReceiveBuf                  0x400005b0   Data         128  usb_config.o(.bss)
    mp_tcb                                   0x40000630   Data         404  rtx_conf_lpc23xx.o(.bss)
    mp_stk                                   0x400007c8   Data        3216  rtx_conf_lpc23xx.o(.bss)
    os_fifo                                  0x40001458   Data         516  rtx_conf_lpc23xx.o(.bss)
    os_active_TCB                            0x4000165c   Data          28  rtx_conf_lpc23xx.o(.bss)
    PendingPckts                             0x40001aa8   Data          16  usbd_lpc23xx.o(.bss)
    user_stack                               0x40001ac8   Data        1600  memory.o(.bss)
    USBD_RTX_EPTask                          0x40002108   Data          64  usbd_core.o(.bss)
    USBD_MSC_CBW                             0x40002148   Data          31  usbd_msc.o(.bss)
    USBD_MSC_CSW                             0x40002167   Data          13  usbd_msc.o(.bss)
    os_idle_TCB                              0x40002174   Data          56  rt_task.o(.bss)
    os_rdy                                   0x400021ac   Data          24  rt_list.o(.bss)
    os_dly                                   0x400021c4   Data          24  rt_list.o(.bss)
    __libspace_start                         0x400021dc   Data          96  libspace.o(.bss)
    __stdin                                  0x4000223c   Data          84  stdio_streams.o(.bss)
    __temporary_stack_top$libspace           0x4000223c   Data           0  libspace.o(.bss)
    __stdout                                 0x40002290   Data          84  stdio_streams.o(.bss)
    __stderr                                 0x400022e4   Data          84  stdio_streams.o(.bss)



==============================================================================

Memory Map of the image

  Image Entry point : 0x00000174

  Load Region LR_IROM1 (Base: 0x00000000, Size: 0x000095f0, Max: 0x00080000, ABSOLUTE, COMPRESSED[0x000094b8])

    Execution Region ER_IROM1 (Base: 0x00000000, Size: 0x000094ac, Max: 0x00080000, ABSOLUTE)

    Base Addr    Size         Type   Attr      Idx    E Section Name        Object

    0x00000000   0x00000174   Code   RO            8    RESET               lpc2300.o
    0x00000174   0x00000008   Code   RO         1700  * !!!main             c_t.l(__main.o)
    0x0000017c   0x0000003c   Code   RO         2059    !!!scatter          c_t.l(__scatter.o)
    0x000001b8   0x00000044   Code   RO         2057    !!dczerorl          c_t.l(__dczerorl.o)
    0x000001fc   0x0000002c   Code   RO         2061    !!handler_zi        c_t.l(__scatter_zi.o)
    0x00000228   0x00000004   Ven    RO         1660    .ARM.Collect$$_printf_percent$$00000000  c_t.l(_printf_percent.o)
    0x0000022c   0x00000000   Code   RO         1660    .ARM.Collect$$_printf_percent$$00000000  c_t.l(_printf_percent.o)
    0x0000022c   0x00000008   Code   RO         1659    .ARM.Collect$$_printf_percent$$00000013  c_t.l(_printf_c.o)
    0x00000234   0x00000008   Code   RO         1739    .ARM.Collect$$_printf_percent$$00000017  c_t.l(_printf_percent_end.o)
    0x0000023c   0x00000008   Ven    RO         1977    .ARM.Collect$$libinit$$00000000  c_t.l(libinit.o)
    0x00000244   0x00000002   Code   RO         1977    .ARM.Collect$$libinit$$00000000  c_t.l(libinit.o)
    0x00000246   0x00000000   Code   RO         1851    .ARM.Collect$$libinit$$00000002  c_t.l(libinit2.o)
    0x00000246   0x00000000   Code   RO         1853    .ARM.Collect$$libinit$$00000004  c_t.l(libinit2.o)
    0x00000246   0x00000008   Code   RO         1854    .ARM.Collect$$libinit$$00000005  c_t.l(libinit2.o)
    0x0000024e   0x00000000   Code   RO         1856    .ARM.Collect$$libinit$$0000000A  c_t.l(libinit2.o)
    0x0000024e   0x00000000   Code   RO         1858    .ARM.Collect$$libinit$$0000000C  c_t.l(libinit2.o)
    0x0000024e   0x00000000   Code   RO         1860    .ARM.Collect$$libinit$$0000000E  c_t.l(libinit2.o)
    0x0000024e   0x00000006   Code   RO         1861    .ARM.Collect$$libinit$$0000000F  c_t.l(libinit2.o)
    0x00000254   0x00000000   Code   RO         1863    .ARM.Collect$$libinit$$00000011  c_t.l(libinit2.o)
    0x00000254   0x0000000c   Code   RO         1864    .ARM.Collect$$libinit$$00000012  c_t.l(libinit2.o)
    0x00000260   0x00000000   Code   RO         1865    .ARM.Collect$$libinit$$00000013  c_t.l(libinit2.o)
    0x00000260   0x00000000   Code   RO         1867    .ARM.Collect$$libinit$$00000015  c_t.l(libinit2.o)
    0x00000260   0x00000000   Code   RO         1869    .ARM.Collect$$libinit$$00000017  c_t.l(libinit2.o)
    0x00000260   0x00000000   Code   RO         1871    .ARM.Collect$$libinit$$00000019  c_t.l(libinit2.o)
    0x00000260   0x00000000   Code   RO         1873    .ARM.Collect$$libinit$$0000001B  c_t.l(libinit2.o)
    0x00000260   0x00000000   Code   RO         1875    .ARM.Collect$$libinit$$0000001D  c_t.l(libinit2.o)
    0x00000260   0x00000000   Code   RO         1877    .ARM.Collect$$libinit$$0000001F  c_t.l(libinit2.o)
    0x00000260   0x00000000   Code   RO         1879    .ARM.Collect$$libinit$$00000021  c_t.l(libinit2.o)
    0x00000260   0x00000000   Code   RO         1881    .ARM.Collect$$libinit$$00000023  c_t.l(libinit2.o)
    0x00000260   0x00000004   Code   RO         1882    .ARM.Collect$$libinit$$00000024  c_t.l(libinit2.o)
    0x00000264   0x00000000   Code   RO         1883    .ARM.Collect$$libinit$$00000025  c_t.l(libinit2.o)
    0x00000264   0x00000000   Code   RO         1887    .ARM.Collect$$libinit$$0000002C  c_t.l(libinit2.o)
    0x00000264   0x00000000   Code   RO         1889    .ARM.Collect$$libinit$$0000002E  c_t.l(libinit2.o)
    0x00000264   0x00000000   Code   RO         1891    .ARM.Collect$$libinit$$00000030  c_t.l(libinit2.o)
    0x00000264   0x00000000   Code   RO         1893    .ARM.Collect$$libinit$$00000032  c_t.l(libinit2.o)
    0x00000264   0x0000000c   Code   RO         1894    .ARM.Collect$$libinit$$00000033  c_t.l(libinit2.o)
    0x00000270   0x00000008   Ven    RO         2055    .ARM.Collect$$libshutdown$$00000000  c_t.l(libshutdown.o)
    0x00000278   0x00000004   Code   RO         2055    .ARM.Collect$$libshutdown$$00000000  c_t.l(libshutdown.o)
    0x0000027c   0x00000000   Code   RO         1896    .ARM.Collect$$libshutdown$$00000002  c_t.l(libshutdown2.o)
    0x0000027c   0x00000004   Code   RO         1897    .ARM.Collect$$libshutdown$$00000003  c_t.l(libshutdown2.o)
    0x00000280   0x00000000   Code   RO         1898    .ARM.Collect$$libshutdown$$00000004  c_t.l(libshutdown2.o)
    0x00000280   0x00000000   Code   RO         1901    .ARM.Collect$$libshutdown$$00000007  c_t.l(libshutdown2.o)
    0x00000280   0x00000000   Code   RO         1904    .ARM.Collect$$libshutdown$$0000000A  c_t.l(libshutdown2.o)
    0x00000280   0x00000000   Code   RO         1906    .ARM.Collect$$libshutdown$$0000000C  c_t.l(libshutdown2.o)
    0x00000280   0x00000000   Code   RO         1909    .ARM.Collect$$libshutdown$$0000000F  c_t.l(libshutdown2.o)
    0x00000280   0x00000006   Code   RO         1910    .ARM.Collect$$libshutdown$$00000010  c_t.l(libshutdown2.o)
    0x00000286   0x00000002   PAD
    0x00000288   0x00000000   Code   RO         1722    .ARM.Collect$$rtentry$$00000000  c_t.l(__rtentry.o)
    0x00000288   0x00000000   Code   RO         1754    .ARM.Collect$$rtentry$$00000002  c_t.l(__rtentry2.o)
    0x00000288   0x00000008   Code   RO         1766    .ARM.Collect$$rtentry$$00000004  c_t.l(__rtentry4.o)
    0x00000290   0x00000000   Code   RO         1756    .ARM.Collect$$rtentry$$00000009  c_t.l(__rtentry2.o)
    0x00000290   0x00000004   Code   RO         1757    .ARM.Collect$$rtentry$$0000000A  c_t.l(__rtentry2.o)
    0x00000294   0x00000000   Code   RO         1759    .ARM.Collect$$rtentry$$0000000C  c_t.l(__rtentry2.o)
    0x00000294   0x00000028   Code   RO         1760    .ARM.Collect$$rtentry$$0000000D  c_t.l(__rtentry2.o)
    0x000002bc   0x00000004   Ven    RO         1982    .ARM.Collect$$rtexit$$00000000  c_t.l(rtexit.o)
    0x000002c0   0x00000004   Code   RO         1982    .ARM.Collect$$rtexit$$00000000  c_t.l(rtexit.o)
    0x000002c4   0x00000000   Code   RO         2016    .ARM.Collect$$rtexit$$00000002  c_t.l(rtexit2.o)
    0x000002c4   0x00000004   Code   RO         2017    .ARM.Collect$$rtexit$$00000003  c_t.l(rtexit2.o)
    0x000002c8   0x00000008   Code   RO         2018    .ARM.Collect$$rtexit$$00000004  c_t.l(rtexit2.o)
    0x000002d0   0x00000204   Code   RO          994    .emb_text           RTX_ARM_L.LIB(hal_arm.o)
    0x000004d4   0x00000000   Code   RO         1984    .emb_text           c_t.l(maybetermalloc1.o)
    0x000004d4   0x00000024   Code   RO            9    .text               lpc2300.o
    0x000004f8   0x000000e8   Code   RO           14    .text               file_config.o
    0x000005e0   0x000000fc   Code   RO           47    .text               usb_config.o
    0x000006dc   0x00000008   Ven    RO          196    .text               rtx_conf_lpc23xx.o
    0x000006e4   0x000000fc   Code   RO          196    .text               rtx_conf_lpc23xx.o
    0x000007e0   0x0000005c   Code   RO          263    .text               serial.o
    0x0000083c   0x00000190   Code   RO          278    .text               lcd_4bit.o
    0x000009cc   0x000002b8   Code   RO          294    .text               mci_lpc23xx.o
    0x00000c84   0x000003d4   Code   RO          314    .text               uart_lpc23xx.o
    0x00001058   0x00000134   Code   RO          315    .text               uart_lpc23xx.o
    0x0000118c   0x00000168   Code   RO          341    .text               retarget.o
    0x000012f4   0x00000008   Ven    RO          375    .text               usbd_lpc23xx.o
    0x000012fc   0x000003a8   Code   RO          375    .text               usbd_lpc23xx.o
    0x000016a4   0x00000258   Code   RO          376    .text               usbd_lpc23xx.o
    0x000018fc   0x000001a0   Code   RO          411    .text               usbd_user_adc.o
    0x00001a9c   0x00000008   Ven    RO          412    .text               usbd_user_adc.o
    0x00001aa4   0x000000c4   Code   RO          412    .text               usbd_user_adc.o
    0x00001b68   0x00000044   Code   RO          431    .text               usbd_user_cdc_acm.o
    0x00001bac   0x00000088   Code   RO          446    .text               usbd_user_msc.o
    0x00001c34   0x00000138   Code   RO          463    .text               memory.o
    0x00001d6c   0x0000000c   Code   RO         1624    .text               c_t.l(libspace.o)
    0x00001d78   0x00000004   Code   RO         1627    .text               c_t.l(use_no_semi.o)
    0x00001d7c   0x00000028   Code   RO         1633    .text               c_t.l(noretval__2sprintf.o)
    0x00001da4   0x00000076   Code   RO         1635    .text               c_t.l(__printf.o)
    0x00001e1a   0x00000058   Code   RO         1637    .text               c_t.l(_printf_str.o)
    0x00001e72   0x00000032   Code   RO         1662    .text               c_t.l(strncasecmp.o)
    0x00001ea4   0x00000044   Code   RO         1664    .text               c_t.l(strlen.o)
    0x00001ee8   0x00000004   Ven    RO         1666    .text               c_t.l(rt_memcpy.o)
    0x00001eec   0x000000d4   Code   RO         1666    .text               c_t.l(rt_memcpy.o)
    0x00001fc0   0x00000004   Ven    RO         1668    .text               c_t.l(rt_memcpy_w.o)
    0x00001fc4   0x00000064   Code   RO         1668    .text               c_t.l(rt_memcpy_w.o)
    0x00002028   0x00000004   Ven    RO         1670    .text               c_t.l(aeabi_memset.o)
    0x0000202c   0x00000010   Code   RO         1670    .text               c_t.l(aeabi_memset.o)
    0x0000203c   0x00000004   Ven    RO         1672    .text               c_t.l(rt_memclr.o)
    0x00002040   0x00000040   Code   RO         1672    .text               c_t.l(rt_memclr.o)
    0x00002080   0x00000004   Ven    RO         1674    .text               c_t.l(rt_memclr_w.o)
    0x00002084   0x00000054   Code   RO         1674    .text               c_t.l(rt_memclr_w.o)
    0x000020d8   0x00000004   Ven    RO         1676    .text               c_t.l(strcmp.o)
    0x000020dc   0x000000f4   Code   RO         1676    .text               c_t.l(strcmp.o)
    0x000021d0   0x00000004   Ven    RO         1678    .text               c_t.l(uread4.o)
    0x000021d4   0x00000020   Code   RO         1678    .text               c_t.l(uread4.o)
    0x000021f4   0x00000004   Ven    RO         1680    .text               c_t.l(uwrite4.o)
    0x000021f8   0x00000020   Code   RO         1680    .text               c_t.l(uwrite4.o)
    0x00002218   0x00000180   Code   RO         1682    .text               c_t.l(aeabi_sdiv.o)
    0x00002398   0x00000006   Code   RO         1698    .text               c_t.l(heapauxi.o)
    0x0000239e   0x0000001e   Code   RO         1731    .text               c_t.l(tolower.o)
    0x000023bc   0x00000030   Code   RO         1733    .text               c_t.l(_printf_char_common.o)
    0x000023ec   0x0000000a   Code   RO         1735    .text               c_t.l(_sputc.o)
    0x000023f6   0x00000002   PAD
    0x000023f8   0x00000008   Ven    RO         1737    .text               c_t.l(_printf_char.o)
    0x00002400   0x00000032   Code   RO         1737    .text               c_t.l(_printf_char.o)
    0x00002432   0x00000002   PAD
    0x00002434   0x000001d4   Code   RO         1742    .text               c_t.l(initio_locked.o)
    0x00002608   0x00000004   Ven    RO         1768    .text               c_t.l(rt_ctype_table.o)
    0x0000260c   0x00000018   Code   RO         1768    .text               c_t.l(rt_ctype_table.o)
    0x00002624   0x0000007c   Code   RO         1776    .text               c_t.l(h1_free_mt.o)
    0x000026a0   0x00000050   Code   RO         1840    .text               c_t.l(fclose.o)
    0x000026f0   0x00000070   Code   RO         1842    .text               c_t.l(setvbuf_locked.o)
    0x00002760   0x0000014c   Code   RO         1844    .text               c_t.l(fopen_locked.o)
    0x000028ac   0x00000010   Code   RO         1846    .text               c_t.l(defsig_rtred_outer.o)
    0x000028bc   0x00000060   Code   RO         1913    .text               c_t.l(sys_stackheap_outer.o)
    0x0000291c   0x00000004   Ven    RO         1922    .text               c_t.l(rt_heap_descriptor_twolibspace.o)
    0x00002920   0x00000014   Code   RO         1922    .text               c_t.l(rt_heap_descriptor_twolibspace.o)
    0x00002934   0x00000004   Ven    RO         1929    .text               c_t.l(rt_locale_twolibspace.o)
    0x00002938   0x00000014   Code   RO         1929    .text               c_t.l(rt_locale_twolibspace.o)
    0x0000294c   0x00000004   Code   RO         1931    .text               c_t.l(hguard.o)
    0x00002950   0x00000094   Code   RO         1933    .text               c_t.l(init_alloc.o)
    0x000029e4   0x000000a6   Code   RO         1941    .text               c_t.l(h1_alloc_mt.o)
    0x00002a8a   0x00000002   PAD
    0x00002a8c   0x000000f8   Code   RO         1953    .text               c_t.l(fseek.o)
    0x00002b84   0x000000fc   Code   RO         1955    .text               c_t.l(stdio.o)
    0x00002c80   0x00000014   Code   RO         1960    .text               c_t.l(exit.o)
    0x00002c94   0x00000010   Code   RO         1962    .text               c_t.l(defsig_exit.o)
    0x00002ca4   0x00000038   Code   RO         1968    .text               c_t.l(defsig_rtred_inner.o)
    0x00002cdc   0x0000001a   Code   RO         1990    .text               c_t.l(h1_init_mt.o)
    0x00002cf6   0x0000003a   Code   RO         1992    .text               c_t.l(h1_extend_mt.o)
    0x00002d30   0x00000046   Code   RO         1994    .text               c_t.l(ftell.o)
    0x00002d76   0x00000038   Code   RO         1998    .text               c_t.l(defsig_general.o)
    0x00002dae   0x00000010   Code   RO         2002    .text               c_t.l(defsig_rtmem_outer.o)
    0x00002dbe   0x00000002   PAD
    0x00002dc0   0x00000004   Ven    RO         2027    .text               c_t.l(rt_errno_addr_twolibspace.o)
    0x00002dc4   0x00000004   Code   RO         2027    .text               c_t.l(rt_errno_addr_twolibspace.o)
    0x00002dc8   0x00000054   Code   RO         2033    .text               c_t.l(defsig_rtmem_inner.o)
    0x00002e1c   0x00000004   Ven    RO         1683    .text_udiv          c_t.l(aeabi_sdiv.o)
    0x00002e20   0x00000024   Code   RO         1683    .text_udiv          c_t.l(aeabi_sdiv.o)
    0x00002e44   0x00000034   Code   RO            1    SWI_TABLE           swi_table.o
    0x00002e78   0x0000000c   Ven    RO         2095    Veneer$$Code        anon$$obj.o
    0x00002e84   0x0000000c   Ven    RO         2096    Veneer$$Code        anon$$obj.o
    0x00002e90   0x0000000c   Ven    RO         2097    Veneer$$Code        anon$$obj.o
    0x00002e9c   0x00000004   Code   RO          614    i.USBD_ADC_EP_GetRequest  USB_ARM_L.lib(usbd_adc.o)
    0x00002ea0   0x00000004   Code   RO          615    i.USBD_ADC_EP_SetRequest  USB_ARM_L.lib(usbd_adc.o)
    0x00002ea4   0x00000070   Code   RO          616    i.USBD_ADC_IF_GetRequest  USB_ARM_L.lib(usbd_adc.o)
    0x00002f14   0x00000058   Code   RO          617    i.USBD_ADC_IF_SetRequest  USB_ARM_L.lib(usbd_adc.o)
    0x00002f6c   0x00000060   Code   RO          618    i.USBD_ADC_SOF_Event  USB_ARM_L.lib(usbd_adc.o)
    0x00002fcc   0x00000004   Code   RO          637    i.USBD_CDC_ACM_ClearCommFeature  USB_ARM_L.lib(usbd_cdc_acm.o)
    0x00002fd0   0x00000038   Code   RO          639    i.USBD_CDC_ACM_DataRead  USB_ARM_L.lib(usbd_cdc_acm.o)
    0x00003008   0x00000004   Code   RO          640    i.USBD_CDC_ACM_DataReceived  USB_ARM_L.lib(usbd_cdc_acm.o)
    0x0000300c   0x00000020   Code   RO          642    i.USBD_CDC_ACM_EP_BULKIN_Event  USB_ARM_L.lib(usbd_cdc_acm.o)
    0x0000302c   0x000000a4   Code   RO          643    i.USBD_CDC_ACM_EP_BULKIN_HandleData  USB_ARM_L.lib(usbd_cdc_acm.o)
    0x000030d0   0x0000003c   Code   RO          644    i.USBD_CDC_ACM_EP_BULKOUT_Event  USB_ARM_L.lib(usbd_cdc_acm.o)
    0x0000310c   0x0000006c   Code   RO          645    i.USBD_CDC_ACM_EP_BULKOUT_HandleData  USB_ARM_L.lib(usbd_cdc_acm.o)
    0x00003178   0x0000001e   Code   RO          646    i.USBD_CDC_ACM_EP_BULK_Event  USB_ARM_L.lib(usbd_cdc_acm.o)
    0x00003196   0x0000001e   Code   RO          648    i.USBD_CDC_ACM_GetChar  USB_ARM_L.lib(usbd_cdc_acm.o)
    0x000031b4   0x00000004   Code   RO          649    i.USBD_CDC_ACM_GetCommFeature  USB_ARM_L.lib(usbd_cdc_acm.o)
    0x000031b8   0x00000004   Code   RO          650    i.USBD_CDC_ACM_GetEncapsulatedResponse  USB_ARM_L.lib(usbd_cdc_acm.o)
    0x000031bc   0x00000040   Code   RO          651    i.USBD_CDC_ACM_GetLineCoding  USB_ARM_L.lib(usbd_cdc_acm.o)
    0x000031fc   0x0000000c   Code   RO          652    i.USBD_CDC_ACM_Initialize  USB_ARM_L.lib(usbd_cdc_acm.o)
    0x00003208   0x00000058   Code   RO          661    i.USBD_CDC_ACM_Reset  USB_ARM_L.lib(usbd_cdc_acm.o)
    0x00003260   0x0000000c   Code   RO          662    i.USBD_CDC_ACM_Reset_Event  USB_ARM_L.lib(usbd_cdc_acm.o)
    0x0000326c   0x00000074   Code   RO          663    i.USBD_CDC_ACM_SOF_Event  USB_ARM_L.lib(usbd_cdc_acm.o)
    0x000032e0   0x00000004   Code   RO          664    i.USBD_CDC_ACM_SendBreak  USB_ARM_L.lib(usbd_cdc_acm.o)
    0x000032e4   0x00000004   Code   RO          665    i.USBD_CDC_ACM_SendEncapsulatedCommand  USB_ARM_L.lib(usbd_cdc_acm.o)
    0x000032e8   0x00000004   Code   RO          666    i.USBD_CDC_ACM_SetCommFeature  USB_ARM_L.lib(usbd_cdc_acm.o)
    0x000032ec   0x00000014   Code   RO          667    i.USBD_CDC_ACM_SetControlLineState  USB_ARM_L.lib(usbd_cdc_acm.o)
    0x00003300   0x00000040   Code   RO          668    i.USBD_CDC_ACM_SetLineCoding  USB_ARM_L.lib(usbd_cdc_acm.o)
    0x00003340   0x00000040   Code   RO          573    i.USBD_DataInStage  USB_ARM_L.lib(usbd_core.o)
    0x00003380   0x00000024   Code   RO          574    i.USBD_DataOutStage  USB_ARM_L.lib(usbd_core.o)
    0x000033a4   0x00000288   Code   RO          575    i.USBD_EndPoint0    USB_ARM_L.lib(usbd_core.o)
    0x0000362c   0x00000028   Code   RO         1295    i.USBD_EndPoint0_Out_ADC_ReqToEP  USB_ARM_L.lib(usbd_core_adc.o)
    0x00003654   0x0000004c   Code   RO         1296    i.USBD_EndPoint0_Out_ADC_ReqToIF  USB_ARM_L.lib(usbd_core_adc.o)
    0x000036a0   0x00000060   Code   RO         1309    i.USBD_EndPoint0_Out_CDC_ReqToIF  USB_ARM_L.lib(usbd_core_cdc.o)
    0x00003700   0x0000004c   Code   RO         1297    i.USBD_EndPoint0_Setup_ADC_ReqToEP  USB_ARM_L.lib(usbd_core_adc.o)
    0x0000374c   0x00000074   Code   RO         1298    i.USBD_EndPoint0_Setup_ADC_ReqToIF  USB_ARM_L.lib(usbd_core_adc.o)
    0x000037c0   0x000000ac   Code   RO         1310    i.USBD_EndPoint0_Setup_CDC_ReqToIF  USB_ARM_L.lib(usbd_core_cdc.o)
    0x0000386c   0x00000078   Code   RO         1319    i.USBD_EndPoint0_Setup_MSC_ReqToIF  USB_ARM_L.lib(usbd_core_msc.o)
    0x000038e4   0x00000078   Code   RO          718    i.USBD_MSC_ATAPassThrough  USB_ARM_L.lib(usbd_msc.o)
    0x0000395c   0x00000064   Code   RO          719    i.USBD_MSC_BulkIn   USB_ARM_L.lib(usbd_msc.o)
    0x000039c0   0x0000006c   Code   RO          720    i.USBD_MSC_BulkOut  USB_ARM_L.lib(usbd_msc.o)
    0x00003a2c   0x00000070   Code   RO          721    i.USBD_MSC_CheckMedia  USB_ARM_L.lib(usbd_msc.o)
    0x00003a9c   0x00000064   Code   RO          722    i.USBD_MSC_ClrStallEP  USB_ARM_L.lib(usbd_msc.o)
    0x00003b00   0x00000040   Code   RO          723    i.USBD_MSC_DataInFormat  USB_ARM_L.lib(usbd_msc.o)
    0x00003b40   0x0000005c   Code   RO          724    i.USBD_MSC_DataInTransfer  USB_ARM_L.lib(usbd_msc.o)
    0x00003b9c   0x00000028   Code   RO          726    i.USBD_MSC_EP_BULKOUT_Event  USB_ARM_L.lib(usbd_msc.o)
    0x00003bc4   0x0000001c   Code   RO          727    i.USBD_MSC_EP_BULK_Event  USB_ARM_L.lib(usbd_msc.o)
    0x00003be0   0x000001f0   Code   RO          728    i.USBD_MSC_GetCBW   USB_ARM_L.lib(usbd_msc.o)
    0x00003dd0   0x00000010   Code   RO          729    i.USBD_MSC_GetMaxLUN  USB_ARM_L.lib(usbd_msc.o)
    0x00003de0   0x0000013c   Code   RO          730    i.USBD_MSC_Inquiry  USB_ARM_L.lib(usbd_msc.o)
    0x00003f1c   0x00000020   Code   RO          731    i.USBD_MSC_MediaRemoval  USB_ARM_L.lib(usbd_msc.o)
    0x00003f3c   0x000000e8   Code   RO          732    i.USBD_MSC_MemoryRead  USB_ARM_L.lib(usbd_msc.o)
    0x00004024   0x000000e8   Code   RO          733    i.USBD_MSC_MemoryVerify  USB_ARM_L.lib(usbd_msc.o)
    0x0000410c   0x000000f0   Code   RO          734    i.USBD_MSC_MemoryWrite  USB_ARM_L.lib(usbd_msc.o)
    0x000041fc   0x00000044   Code   RO          735    i.USBD_MSC_ModeSense10  USB_ARM_L.lib(usbd_msc.o)
    0x00004240   0x0000003c   Code   RO          736    i.USBD_MSC_ModeSense6  USB_ARM_L.lib(usbd_msc.o)
    0x0000427c   0x000000dc   Code   RO          737    i.USBD_MSC_RWSetup  USB_ARM_L.lib(usbd_msc.o)
    0x00004358   0x00000050   Code   RO          738    i.USBD_MSC_ReadCapacity  USB_ARM_L.lib(usbd_msc.o)
    0x000043a8   0x00000058   Code   RO          739    i.USBD_MSC_ReadFormatCapacity  USB_ARM_L.lib(usbd_msc.o)
    0x00004400   0x00000088   Code   RO          740    i.USBD_MSC_RequestSense  USB_ARM_L.lib(usbd_msc.o)
    0x00004488   0x00000028   Code   RO          741    i.USBD_MSC_Reset    USB_ARM_L.lib(usbd_msc.o)
    0x000044b0   0x0000005c   Code   RO          742    i.USBD_MSC_ServiceActionIn16  USB_ARM_L.lib(usbd_msc.o)
    0x0000450c   0x00000038   Code   RO          743    i.USBD_MSC_SetCSW   USB_ARM_L.lib(usbd_msc.o)
    0x00004544   0x00000030   Code   RO          744    i.USBD_MSC_SetStallEP  USB_ARM_L.lib(usbd_msc.o)
    0x00004574   0x00000038   Code   RO          745    i.USBD_MSC_StartStopUnit  USB_ARM_L.lib(usbd_msc.o)
    0x000045ac   0x00000018   Code   RO          746    i.USBD_MSC_SynchronizeCache  USB_ARM_L.lib(usbd_msc.o)
    0x000045c4   0x00000070   Code   RO          747    i.USBD_MSC_TestUnitReady  USB_ARM_L.lib(usbd_msc.o)
    0x00004634   0x00000018   Code   RO          672    i.USBD_RTX_CDC_ACM_EP_BULK_Event  USB_ARM_L.lib(usbd_cdc_acm.o)
    0x0000464c   0x00000014   Code   RO          673    i.USBD_RTX_CDC_ACM_EP_INTIN_Event  USB_ARM_L.lib(usbd_cdc_acm.o)
    0x00004660   0x00000018   Code   RO          576    i.USBD_RTX_EndPoint0  USB_ARM_L.lib(usbd_core.o)
    0x00004678   0x00000018   Code   RO          750    i.USBD_RTX_MSC_EP_BULK_Event  USB_ARM_L.lib(usbd_msc.o)
    0x00004690   0x0000000c   Code   RO         1320    i.USBD_ReqClrFeature_MSC  USB_ARM_L.lib(usbd_core_msc.o)
    0x0000469c   0x0000015c   Code   RO          600    i.USBD_ReqGetDescriptor  USB_ARM_L.lib(usbd_core.o)
    0x000047f8   0x00000084   Code   RO          606    i.USBD_ReqGetStatus  USB_ARM_L.lib(usbd_core.o)
    0x0000487c   0x000000b8   Code   RO          598    i.USBD_ReqSetClrFeature  USB_ARM_L.lib(usbd_core.o)
    0x00004934   0x00000188   Code   RO          602    i.USBD_ReqSetConfiguration  USB_ARM_L.lib(usbd_core.o)
    0x00004abc   0x00000140   Code   RO          604    i.USBD_ReqSetInterface  USB_ARM_L.lib(usbd_core.o)
    0x00004bfc   0x00000014   Code   RO          577    i.USBD_SetupStage   USB_ARM_L.lib(usbd_core.o)
    0x00004c10   0x00000012   Code   RO          578    i.USBD_StatusInStage  USB_ARM_L.lib(usbd_core.o)
    0x00004c22   0x00000002   PAD
    0x00004c24   0x00000014   Code   RO          579    i.USBD_StatusOutStage  USB_ARM_L.lib(usbd_core.o)
    0x00004c38   0x00000002   Code   RO          560    i.__ARM_common_call_via_r0  FS_ARM_L.lib(fs_mci.o)
    0x00004c3a   0x00000002   Code   RO          520    i.__ARM_common_call_via_r1  FS_ARM_L.lib(fs_ioc.o)
    0x00004c3c   0x00000002   Code   RO          518    i.__ARM_common_call_via_r2  FS_ARM_L.lib(fs_ioc.o)
    0x00004c3e   0x00000002   Code   RO          516    i.__ARM_common_call_via_r3  FS_ARM_L.lib(fs_ioc.o)
    0x00004c40   0x00000002   Code   RO          564    i.__ARM_common_call_via_r4  FS_ARM_L.lib(fs_mci.o)
    0x00004c42   0x00000002   Code   RO          558    i.__ARM_common_call_via_r5  FS_ARM_L.lib(fs_mci.o)
    0x00004c44   0x00000002   Code   RO          562    i.__ARM_common_call_via_r6  FS_ARM_L.lib(fs_mci.o)
    0x00004c46   0x00000002   Code   RO          556    i.__ARM_common_call_via_r7  FS_ARM_L.lib(fs_mci.o)
    0x00004c48   0x00000004   Ven    RO          333    i.__ARM_common_switch8  uart_lpc23xx.o
    0x00004c4c   0x00000018   Code   RO          333    i.__ARM_common_switch8  uart_lpc23xx.o
    0x00004c64   0x00000034   Code   RO          995    i.__SWI_0           RTX_ARM_L.LIB(hal_arm.o)
    0x00004c98   0x0000000e   Code   RO          964    i.__SWI_1           RTX_ARM_L.LIB(rt_membox.o)
    0x00004ca6   0x00000018   Code   RO          965    i.__SWI_2           RTX_ARM_L.LIB(rt_membox.o)
    0x00004cbe   0x00000008   Code   RO          996    i.__SWI_3           RTX_ARM_L.LIB(hal_arm.o)
    0x00004cc6   0x00000008   Code   RO          997    i.__SWI_4           RTX_ARM_L.LIB(hal_arm.o)
    0x00004cce   0x00000002   Code   RO          998    i.__SWI_6           RTX_ARM_L.LIB(hal_arm.o)
    0x00004cd0   0x00000002   Code   RO          999    i.__SWI_7           RTX_ARM_L.LIB(hal_arm.o)
    0x00004cd2   0x00000002   PAD
    0x00004cd4   0x00000054   Code   RO          484    i.__sys_close       FS_ARM_L.lib(fs_sys.o)
    0x00004d28   0x00000050   Code   RO          485    i.__sys_ensure      FS_ARM_L.lib(fs_sys.o)
    0x00004d78   0x00000044   Code   RO          486    i.__sys_flen        FS_ARM_L.lib(fs_sys.o)
    0x00004dbc   0x000000e0   Code   RO          487    i.__sys_open        FS_ARM_L.lib(fs_sys.o)
    0x00004e9c   0x00000068   Code   RO          488    i.__sys_read        FS_ARM_L.lib(fs_sys.o)
    0x00004f04   0x00000054   Code   RO          489    i.__sys_seek        FS_ARM_L.lib(fs_sys.o)
    0x00004f58   0x00000060   Code   RO          490    i.__sys_write       FS_ARM_L.lib(fs_sys.o)
    0x00004fb8   0x0000004a   Code   RO          967    i._init_box         RTX_ARM_L.LIB(rt_membox.o)
    0x00005002   0x0000004c   Code   RO         1092    i.alloc_new_clus    FS_ARM_L.lib(fs_fat.o)
    0x0000504e   0x0000009e   Code   RO         1095    i.cache_fat         FS_ARM_L.lib(fs_fat.o)
    0x000050ec   0x00000060   Code   RO         1096    i.char_validate     FS_ARM_L.lib(fs_fat.o)
    0x0000514c   0x00000042   Code   RO         1097    i.clear_clus        FS_ARM_L.lib(fs_fat.o)
    0x0000518e   0x0000002a   Code   RO         1098    i.clus_to_sect      FS_ARM_L.lib(fs_fat.o)
    0x000051b8   0x000000d0   Code   RO         1100    i.create_dot_entries  FS_ARM_L.lib(fs_fat.o)
    0x00005288   0x000000d8   Code   RO         1101    i.create_lfn_entry  FS_ARM_L.lib(fs_fat.o)
    0x00005360   0x00000084   Code   RO         1102    i.create_sfn_entry  FS_ARM_L.lib(fs_fat.o)
    0x000053e4   0x0000002e   Code   RO         1103    i.entry_flush       FS_ARM_L.lib(fs_fat.o)
    0x00005412   0x00000062   Code   RO         1104    i.entry_pos_comp    FS_ARM_L.lib(fs_fat.o)
    0x00005474   0x00000066   Code   RO         1105    i.entry_pos_set     FS_ARM_L.lib(fs_fat.o)
    0x000054da   0x0000003a   Code   RO         1106    i.entry_read        FS_ARM_L.lib(fs_fat.o)
    0x00005514   0x00000030   Code   RO         1107    i.entry_type        FS_ARM_L.lib(fs_fat.o)
    0x00005544   0x000000d4   Code   RO         1109    i.fat_close         FS_ARM_L.lib(fs_fat.o)
    0x00005618   0x00000034   Code   RO         1110    i.fat_crc32         FS_ARM_L.lib(fs_fat.o)
    0x0000564c   0x000001c6   Code   RO         1118    i.fat_open          FS_ARM_L.lib(fs_fat.o)
    0x00005812   0x000000e2   Code   RO         1119    i.fat_read          FS_ARM_L.lib(fs_fat.o)
    0x000058f4   0x000000ec   Code   RO         1122    i.fat_seek          FS_ARM_L.lib(fs_fat.o)
    0x000059e0   0x00000164   Code   RO         1123    i.fat_write         FS_ARM_L.lib(fs_fat.o)
    0x00005b44   0x00000098   Code   RO          529    i.fill_cid          FS_ARM_L.lib(fs_mci.o)
    0x00005bdc   0x000000ca   Code   RO         1124    i.frec_allocate     FS_ARM_L.lib(fs_fat.o)
    0x00005ca6   0x00000002   PAD
    0x00005ca8   0x00000270   Code   RO         1127    i.frec_find         FS_ARM_L.lib(fs_fat.o)
    0x00005f18   0x00000092   Code   RO         1128    i.frec_find_elink   FS_ARM_L.lib(fs_fat.o)
    0x00005faa   0x00000002   PAD
    0x00005fac   0x00000074   Code   RO         1064    i.fs_cfg_drv        FS_ARM_L.lib(fs_mapi.o)
    0x00006020   0x00000034   Code   RO         1270    i.fs_chk_media      FS_ARM_L.lib(fs_lib.o)
    0x00006054   0x00000040   Code   RO         1272    i.fs_efs_lock       FS_ARM_L.lib(fs_lib.o)
    0x00006094   0x00000044   Code   RO         1273    i.fs_fat_lock       FS_ARM_L.lib(fs_lib.o)
    0x000060d8   0x00000030   Code   RO         1274    i.fs_find_drv       FS_ARM_L.lib(fs_lib.o)
    0x00006108   0x00000040   Code   RO         1275    i.fs_find_iob       FS_ARM_L.lib(fs_lib.o)
    0x00006148   0x00000008   Code   RO         1468    i.fs_get_date       FS_ARM_L.lib(fs_time.o)
    0x00006150   0x00000006   Code   RO         1469    i.fs_get_time       FS_ARM_L.lib(fs_time.o)
    0x00006156   0x00000002   PAD
    0x00006158   0x00000080   Code   RO         1276    i.fs_map_drive      FS_ARM_L.lib(fs_lib.o)
    0x000061d8   0x00000068   Code   RO         1131    i.fsinfo_write      FS_ARM_L.lib(fs_fat.o)
    0x00006240   0x00000028   Code   RO         1132    i.get_EOC           FS_ARM_L.lib(fs_fat.o)
    0x00006268   0x00000038   Code   RO         1134    i.get_date          FS_ARM_L.lib(fs_fat.o)
    0x000062a0   0x00000032   Code   RO         1135    i.get_fat_sect      FS_ARM_L.lib(fs_fat.o)
    0x000062d2   0x00000002   PAD
    0x000062d4   0x000000e0   Code   RO         1137    i.get_free_clus     FS_ARM_L.lib(fs_fat.o)
    0x000063b4   0x00000032   Code   RO         1139    i.get_time          FS_ARM_L.lib(fs_fat.o)
    0x000063e6   0x0000000a   Code   RO         1140    i.get_u16           FS_ARM_L.lib(fs_fat.o)
    0x000063f0   0x00000016   Code   RO         1141    i.get_u32           FS_ARM_L.lib(fs_fat.o)
    0x00006406   0x00000002   PAD
    0x00006408   0x0000004c   Code   RO          504    i.ioc_getcb         FS_ARM_L.lib(fs_ioc.o)
    0x00006454   0x00000084   Code   RO          505    i.ioc_init          FS_ARM_L.lib(fs_ioc.o)
    0x000064d8   0x00000022   Code   RO          506    i.ioc_read_info     FS_ARM_L.lib(fs_ioc.o)
    0x000064fa   0x0000002a   Code   RO          507    i.ioc_read_sect     FS_ARM_L.lib(fs_ioc.o)
    0x00006524   0x0000002a   Code   RO          509    i.ioc_write_sect    FS_ARM_L.lib(fs_ioc.o)
    0x0000654e   0x00000002   PAD
    0x00006550   0x00000038   Code   RO         1142    i.is_EOC            FS_ARM_L.lib(fs_fat.o)
    0x00006588   0x00000008   Ven    RO          894    i.isr_evt_set       RTX_ARM_L.LIB(rt_event.o)
    0x00006590   0x00000028   Code   RO          894    i.isr_evt_set       RTX_ARM_L.LIB(rt_event.o)
    0x000065b8   0x00000034   Code   RO          530    i.mci_DevCtrl       FS_ARM_L.lib(fs_mci.o)
    0x000065ec   0x0000036c   Code   RO          531    i.mci_Init          FS_ARM_L.lib(fs_mci.o)
    0x00006958   0x00000010   Code   RO          532    i.mci_ReadInfo      FS_ARM_L.lib(fs_mci.o)
    0x00006968   0x000000a4   Code   RO          533    i.mci_ReadSector    FS_ARM_L.lib(fs_mci.o)
    0x00006a0c   0x0000001e   Code   RO          534    i.mci_UnInit        FS_ARM_L.lib(fs_mci.o)
    0x00006a2a   0x000000a4   Code   RO          535    i.mci_WriteSector   FS_ARM_L.lib(fs_mci.o)
    0x00006ace   0x0000007a   Code   RO          536    i.mci_read_cid      FS_ARM_L.lib(fs_mci.o)
    0x00006b48   0x000000f4   Code   RO          537    i.mci_read_csd      FS_ARM_L.lib(fs_mci.o)
    0x00006c3c   0x0000003a   Code   RO          538    i.mci_select_card   FS_ARM_L.lib(fs_mci.o)
    0x00006c76   0x00000032   Code   RO          539    i.mci_send_acmd     FS_ARM_L.lib(fs_mci.o)
    0x00006ca8   0x00000028   Code   RO          540    i.mci_send_stop     FS_ARM_L.lib(fs_mci.o)
    0x00006cd0   0x00000054   Code   RO          541    i.mci_wait_for_tran  FS_ARM_L.lib(fs_mci.o)
    0x00006d24   0x00000094   Code   RO         1153    i.name_analyse      FS_ARM_L.lib(fs_fat.o)
    0x00006db8   0x000000c0   Code   RO         1154    i.name_basis_gen    FS_ARM_L.lib(fs_fat.o)
    0x00006e78   0x00000010   Code   RO         1155    i.name_hash         FS_ARM_L.lib(fs_fat.o)
    0x00006e88   0x00000130   Code   RO         1156    i.name_nt_gen       FS_ARM_L.lib(fs_fat.o)
    0x00006fb8   0x0000005a   Code   RO         1157    i.name_strip        FS_ARM_L.lib(fs_fat.o)
    0x00007012   0x00000002   PAD
    0x00007014   0x00000048   Code   RO          801    i.os_block          RTX_ARM_L.LIB(rt_task.o)
    0x0000705c   0x00000048   Code   RO         1447    i.os_chk_robin      RTX_ARM_L.LIB(rt_robin.o)
    0x000070a4   0x0000007c   Code   RO         1375    i.os_dec_dly        RTX_ARM_L.LIB(rt_list.o)
    0x00007120   0x00000044   Code   RO          802    i.os_dispatch       RTX_ARM_L.LIB(rt_task.o)
    0x00007164   0x0000000c   Code   RO          896    i.os_evt_get        RTX_ARM_L.LIB(rt_event.o)
    0x00007170   0x00000050   Code   RO          897    i.os_evt_psh        RTX_ARM_L.LIB(rt_event.o)
    0x000071c0   0x00000064   Code   RO          898    i.os_evt_set        RTX_ARM_L.LIB(rt_event.o)
    0x00007224   0x00000060   Code   RO          899    i.os_evt_wait       RTX_ARM_L.LIB(rt_event.o)
    0x00007284   0x0000002a   Code   RO         1376    i.os_get_first      RTX_ARM_L.LIB(rt_list.o)
    0x000072ae   0x00000002   PAD
    0x000072b0   0x0000004c   Code   RO          803    i.os_init_context   RTX_ARM_L.LIB(rt_task.o)
    0x000072fc   0x00000018   Code   RO         1448    i.os_init_robin     RTX_ARM_L.LIB(rt_robin.o)
    0x00007314   0x00000074   Code   RO         1000    i.os_init_stack     RTX_ARM_L.LIB(hal_arm.o)
    0x00007388   0x00000090   Code   RO         1515    i.os_mbx_psh        RTX_ARM_L.LIB(rt_mailbox.o)
    0x00007418   0x00000030   Code   RO          940    i.os_mut_init       RTX_ARM_L.LIB(rt_mutex.o)
    0x00007448   0x000000e4   Code   RO          941    i.os_mut_release    RTX_ARM_L.LIB(rt_mutex.o)
    0x0000752c   0x00000084   Code   RO          942    i.os_mut_wait       RTX_ARM_L.LIB(rt_mutex.o)
    0x000075b0   0x00000034   Code   RO         1330    i.os_psh_req        RTX_ARM_L.LIB(rt_system.o)
    0x000075e4   0x00000034   Code   RO         1378    i.os_psq_enq        RTX_ARM_L.LIB(rt_list.o)
    0x00007618   0x00000050   Code   RO         1379    i.os_put_dly        RTX_ARM_L.LIB(rt_list.o)
    0x00007668   0x0000003e   Code   RO         1380    i.os_put_prio       RTX_ARM_L.LIB(rt_list.o)
    0x000076a6   0x00000002   PAD
    0x000076a8   0x00000014   Code   RO         1381    i.os_put_rdy_first  RTX_ARM_L.LIB(rt_list.o)
    0x000076bc   0x00000034   Code   RO         1382    i.os_resort_prio    RTX_ARM_L.LIB(rt_list.o)
    0x000076f0   0x0000002c   Code   RO         1383    i.os_rmv_dly        RTX_ARM_L.LIB(rt_list.o)
    0x0000771c   0x00000034   Code   RO         1384    i.os_rmv_list       RTX_ARM_L.LIB(rt_list.o)
    0x00007750   0x00000038   Code   RO         1561    i.os_sem_psh        RTX_ARM_L.LIB(rt_semaphore.o)
    0x00007788   0x00000030   Code   RO         1001    i.os_stk_check      RTX_ARM_L.LIB(hal_arm.o)
    0x000077b8   0x000000e8   Code   RO          804    i.os_sys_init1      RTX_ARM_L.LIB(rt_task.o)
    0x000078a0   0x000000cc   Code   RO         1333    i.os_sys_manager    RTX_ARM_L.LIB(rt_system.o)
    0x0000796c   0x00000044   Code   RO         1597    i.os_tmr_tick       RTX_ARM_L.LIB(rt_timer.o)
    0x000079b0   0x00000090   Code   RO          805    i.os_tsk_create0    RTX_ARM_L.LIB(rt_task.o)
    0x00007a40   0x00000150   Code   RO          807    i.os_tsk_delete     RTX_ARM_L.LIB(rt_task.o)
    0x00007b90   0x00000090   Code   RO          809    i.os_tsk_prio       RTX_ARM_L.LIB(rt_task.o)
    0x00007c20   0x00000010   Code   RO          810    i.os_tsk_self       RTX_ARM_L.LIB(rt_task.o)
    0x00007c30   0x000001ee   Code   RO         1158    i.path_create       FS_ARM_L.lib(fs_fat.o)
    0x00007e1e   0x0000009a   Code   RO         1159    i.path_open         FS_ARM_L.lib(fs_fat.o)
    0x00007eb8   0x00000038   Code   RO         1160    i.path_validate     FS_ARM_L.lib(fs_fat.o)
    0x00007ef0   0x00000080   Code   RO         1161    i.read_cache        FS_ARM_L.lib(fs_fat.o)
    0x00007f70   0x00000058   Code   RO         1162    i.read_sector       FS_ARM_L.lib(fs_fat.o)
    0x00007fc8   0x0000009c   Code   RO         1163    i.set_next_clus     FS_ARM_L.lib(fs_fat.o)
    0x00008064   0x0000000e   Code   RO         1164    i.set_root_clus     FS_ARM_L.lib(fs_fat.o)
    0x00008072   0x00000008   Code   RO         1165    i.set_u16           FS_ARM_L.lib(fs_fat.o)
    0x0000807a   0x00000010   Code   RO         1166    i.set_u32           FS_ARM_L.lib(fs_fat.o)
    0x0000808a   0x00000052   Code   RO         1167    i.sfn_embed         FS_ARM_L.lib(fs_fat.o)
    0x000080dc   0x0000004a   Code   RO         1168    i.sfn_extract       FS_ARM_L.lib(fs_fat.o)
    0x00008126   0x0000001e   Code   RO         1169    i.short_ent_hash    FS_ARM_L.lib(fs_fat.o)
    0x00008144   0x00000020   Code   RO         1170    i.sn_chksum         FS_ARM_L.lib(fs_fat.o)
    0x00008164   0x0000014c   Code   RO         1172    i.unlink_clus_chain  FS_ARM_L.lib(fs_fat.o)
    0x000082b0   0x00000010   Code   RO          580    i.usbd_configured   USB_ARM_L.lib(usbd_core.o)
    0x000082c0   0x0000000c   Code   RO          581    i.usbd_connect      USB_ARM_L.lib(usbd_core.o)
    0x000082cc   0x00000020   Code   RO          582    i.usbd_init         USB_ARM_L.lib(usbd_core.o)
    0x000082ec   0x00000002   Code   RO          753    i.usbd_msc_start_stop  USB_ARM_L.lib(usbd_msc.o)
    0x000082ee   0x00000002   PAD
    0x000082f0   0x00000008   Ven    RO          583    i.usbd_reset_core   USB_ARM_L.lib(usbd_core.o)
    0x000082f8   0x00000024   Code   RO          583    i.usbd_reset_core   USB_ARM_L.lib(usbd_core.o)
    0x0000831c   0x000000b6   Code   RO         1173    i.write_cache       FS_ARM_L.lib(fs_fat.o)
    0x000083d2   0x00000002   PAD
    0x000083d4   0x00000100   Code   RO         1174    i.write_fat_link    FS_ARM_L.lib(fs_fat.o)
    0x000084d4   0x00000038   Code   RO         1175    i.write_sector      FS_ARM_L.lib(fs_fat.o)
    0x0000850c   0x00000004   Ven    RO         1958    locale$$code        c_t.l(lc_ctype_c.o)
    0x00008510   0x00000050   Code   RO         1958    locale$$code        c_t.l(lc_ctype_c.o)
    0x00008560   0x0000000c   Code   RO         1744    x$fpl$fcheck1       fz_ts.l(fcheck1.o)
    0x0000856c   0x0000001c   Code   RO         1746    x$fpl$fcmpinf       fz_ts.l(fcmpi.o)
    0x00008588   0x00000004   Ven    RO         1703    x$fpl$fdiv          fz_ts.l(fdiv.o)
    0x0000858c   0x00000190   Code   RO         1703    x$fpl$fdiv          fz_ts.l(fdiv.o)
    0x0000871c   0x00000004   Ven    RO         1706    x$fpl$ffixu         fz_ts.l(ffixu.o)
    0x00008720   0x00000054   Code   RO         1706    x$fpl$ffixu         fz_ts.l(ffixu.o)
    0x00008774   0x0000005c   Code   RO         1711    x$fpl$fflt          fz_ts.l(fflt_noclz.o)
    0x000087d0   0x00000004   Ven    RO         1710    x$fpl$ffltu         fz_ts.l(fflt_noclz.o)
    0x000087d4   0x00000008   Code   RO         1710    x$fpl$ffltu         fz_ts.l(fflt_noclz.o)
    0x000087dc   0x00000004   Ven    RO         1714    x$fpl$fleqf         fz_ts.l(fleqf.o)
    0x000087e0   0x00000084   Code   RO         1714    x$fpl$fleqf         fz_ts.l(fleqf.o)
    0x00008864   0x00000004   Ven    RO         1716    x$fpl$fmul          fz_ts.l(fmul.o)
    0x00008868   0x00000100   Code   RO         1716    x$fpl$fmul          fz_ts.l(fmul.o)
    0x00008968   0x000000a8   Code   RO         1748    x$fpl$fnaninf       fz_ts.l(fnaninf.o)
    0x00008a10   0x00000010   Code   RO         1750    x$fpl$fretinf       fz_ts.l(fretinf.o)
    0x00008a20   0x00000004   Ven    RO         1718    x$fpl$frleqf        fz_ts.l(frleqf.o)
    0x00008a24   0x0000007c   Code   RO         1718    x$fpl$frleqf        fz_ts.l(frleqf.o)
    0x00008aa0   0x00000074   Code   RO         1911    x$fpl$retnan        fz_ts.l(retnan.o)
    0x00008b14   0x00000004   Ven    RO         1720    x$fpl$scalbnf       fz_ts.l(scalbnf.o)
    0x00008b18   0x0000005c   Code   RO         1720    x$fpl$scalbnf       fz_ts.l(scalbnf.o)
    0x00008b74   0x0000003c   Code   RO         1980    x$fpl$trapveneer    fz_ts.l(trapv.o)
    0x00008bb0   0x00000000   Code   RO         1752    x$fpl$usenofp       fz_ts.l(usenofp.o)
    0x00008bb0   0x00000002   Data   RO           18    .constdata          file_config.o
    0x00008bb2   0x00000002   Data   RO           19    .constdata          file_config.o
    0x00008bb4   0x00000018   Data   RO           21    .constdata          file_config.o
    0x00008bcc   0x00000008   Data   RO           22    .constdata          file_config.o
    0x00008bd4   0x00000001   Data   RO           53    .constdata          usb_config.o
    0x00008bd5   0x00000001   Data   RO           54    .constdata          usb_config.o
    0x00008bd6   0x00000002   Data   RO           55    .constdata          usb_config.o
    0x00008bd8   0x00000001   Data   RO           57    .constdata          usb_config.o
    0x00008bd9   0x00000001   Data   RO           58    .constdata          usb_config.o
    0x00008bda   0x00000001   Data   RO           59    .constdata          usb_config.o
    0x00008bdb   0x00000001   Data   RO           60    .constdata          usb_config.o
    0x00008bdc   0x00000004   Data   RO           61    .constdata          usb_config.o
    0x00008be0   0x00000001   Data   RO           62    .constdata          usb_config.o
    0x00008be1   0x00000001   Data   RO           63    .constdata          usb_config.o
    0x00008be2   0x00000001   Data   RO           64    .constdata          usb_config.o
    0x00008be3   0x00000001   Data   RO           65    .constdata          usb_config.o
    0x00008be4   0x00000004   Data   RO           66    .constdata          usb_config.o
    0x00008be8   0x00000004   Data   RO           67    .constdata          usb_config.o
    0x00008bec   0x00000004   Data   RO           68    .constdata          usb_config.o
    0x00008bf0   0x00000004   Data   RO           69    .constdata          usb_config.o
    0x00008bf4   0x00000001   Data   RO           70    .constdata          usb_config.o
    0x00008bf5   0x00000001   Data   RO           71    .constdata          usb_config.o
    0x00008bf6   0x00000001   Data   RO           73    .constdata          usb_config.o
    0x00008bf7   0x00000001   Data   RO           74    .constdata          usb_config.o
    0x00008bf8   0x00000002   Data   RO           75    .constdata          usb_config.o
    0x00008bfa   0x00000002   Data   RO           76    .constdata          usb_config.o
    0x00008bfc   0x00000004   Data   RO           78    .constdata          usb_config.o
    0x00008c00   0x00000004   Data   RO           87    .constdata          usb_config.o
    0x00008c04   0x00000004   Data   RO           88    .constdata          usb_config.o
    0x00008c08   0x00000004   Data   RO           89    .constdata          usb_config.o
    0x00008c0c   0x00000004   Data   RO           90    .constdata          usb_config.o
    0x00008c10   0x00000048   Data   RO           91    .constdata          usb_config.o
    0x00008c58   0x00000012   Data   RO           95    .constdata          usb_config.o
    0x00008c6a   0x00000001   Data   RO           96    .constdata          usb_config.o
    0x00008c6b   0x00000001   Data   RO           97    .constdata          usb_config.o
    0x00008c6c   0x000000cf   Data   RO           98    .constdata          usb_config.o
    0x00008d3b   0x00000001   Data   RO           99    .constdata          usb_config.o
    0x00008d3c   0x00000001   Data   RO          100    .constdata          usb_config.o
    0x00008d3d   0x00000001   Data   RO          101    .constdata          usb_config.o
    0x00008d3e   0x000000c0   Data   RO          102    .constdata          usb_config.o
    0x00008dfe   0x00000002   Data   RO          202    .constdata          rtx_conf_lpc23xx.o
    0x00008e00   0x00000004   Data   RO          203    .constdata          rtx_conf_lpc23xx.o
    0x00008e04   0x00000004   Data   RO          204    .constdata          rtx_conf_lpc23xx.o
    0x00008e08   0x00000008   Data   RO          205    .constdata          rtx_conf_lpc23xx.o
    0x00008e10   0x00000002   Data   RO          206    .constdata          rtx_conf_lpc23xx.o
    0x00008e12   0x00000002   PAD
    0x00008e14   0x00000004   Data   RO          207    .constdata          rtx_conf_lpc23xx.o
    0x00008e18   0x00000001   Data   RO          208    .constdata          rtx_conf_lpc23xx.o
    0x00008e19   0x00000001   PAD
    0x00008e1a   0x00000002   Data   RO          209    .constdata          rtx_conf_lpc23xx.o
    0x00008e1c   0x00000040   Data   RO          279    .constdata          lcd_4bit.o
    0x00008e5c   0x0000002c   Data   RO          295    .constdata          mci_lpc23xx.o
    0x00008e88   0x00000006   Data   RO          342    .constdata          retarget.o
    0x00008e8e   0x00000007   Data   RO          343    .constdata          retarget.o
    0x00008e95   0x00000007   Data   RO          344    .constdata          retarget.o
    0x00008e9c   0x00000010   Data   RO          542    .constdata          FS_ARM_L.lib(fs_mci.o)
    0x00008eac   0x000004ac   Data   RO         1176    .constdata          FS_ARM_L.lib(fs_fat.o)
    0x00009358   0x00000004   Data   RO         1334    .constdata          RTX_ARM_L.LIB(rt_system.o)
    0x0000935c   0x0000001d   Data   RO          103    .conststring        usb_config.o
    0x00009379   0x00000003   PAD
    0x0000937c   0x00000020   Data   RO         2056    Region$$Table       anon$$obj.o
    0x0000939c   0x00000110   Data   RO         1957    locale$$data        c_t.l(lc_ctype_c.o)


    Execution Region RW_IRAM1 (Base: 0x40000000, Size: 0x00003058, Max: 0x00008000, ABSOLUTE, COMPRESSED[0x0000000c])

    Base Addr    Size         Type   Attr      Idx    E Section Name        Object

    0x40000000   0x00000004   Data   RW          104    .data               usb_config.o
    0x40000004   0x00000005   Data   RW          105    .data               usb_config.o
    0x40000009   0x00000008   Data   RW          106    .data               usb_config.o
    0x40000011   0x00000003   PAD
    0x40000014   0x00000004   Data   RW          210    .data               rtx_conf_lpc23xx.o
    0x40000018   0x00000004   Data   RW          211    .data               rtx_conf_lpc23xx.o
    0x4000001c   0x00000014   Data   RW          317    .data               uart_lpc23xx.o
    0x40000030   0x00000008   Data   RW          378    .data               usbd_lpc23xx.o
    0x40000038   0x0000000c   Data   RW          413    .data               usbd_user_adc.o
    0x40000044   0x00000008   Data   RW          432    .data               usbd_user_cdc_acm.o
    0x4000004c   0x00000010   Data   RW          465    .data               memory.o
    0x4000005c   0x00000028   Data   RW          585    .data               USB_ARM_L.lib(usbd_core.o)
    0x40000084   0x00000004   Data   RW          586    .data               USB_ARM_L.lib(usbd_core.o)
    0x40000088   0x00000008   Data   RW          623    .data               USB_ARM_L.lib(usbd_adc.o)
    0x40000090   0x00000004   Data   RW          624    .data               USB_ARM_L.lib(usbd_adc.o)
    0x40000094   0x0000003f   Data   RW          674    .data               USB_ARM_L.lib(usbd_cdc_acm.o)
    0x400000d3   0x00000001   PAD
    0x400000d4   0x00000034   Data   RW          756    .data               USB_ARM_L.lib(usbd_msc.o)
    0x40000108   0x00000004   Data   RW          757    .data               USB_ARM_L.lib(usbd_msc.o)
    0x4000010c   0x00000004   Data   RW          812    .data               RTX_ARM_L.LIB(rt_task.o)
    0x40000110   0x00000004   Data   RW         1002    .data               RTX_ARM_L.LIB(hal_arm.o)
    0x40000114   0x00000001   Data   RW         1003    .data               RTX_ARM_L.LIB(hal_arm.o)
    0x40000115   0x00000001   Data   RW         1069    .data               FS_ARM_L.lib(fs_mapi.o)
    0x40000116   0x00000002   PAD
    0x40000118   0x00000008   Data   RW         1335    .data               RTX_ARM_L.LIB(rt_system.o)
    0x40000120   0x00000008   Data   RW         1449    .data               RTX_ARM_L.LIB(rt_robin.o)
    0x40000128   0x00000004   Data   RW         1482    .data               RTX_ARM_L.LIB(rt_time.o)
    0x4000012c   0x00000008   Data   RW         1598    .data               RTX_ARM_L.LIB(rt_timer.o)
    0x40000134   0x00000004   Data   RW         1661    .data               c_t.l(streamlock.o)
    0x40000138   0x00000004   Data   RW         1837    .data               c_t.l(stdio_streams.o)
    0x4000013c   0x00000004   Data   RW         1838    .data               c_t.l(stdio_streams.o)
    0x40000140   0x00000004   Data   RW         1839    .data               c_t.l(stdio_streams.o)
    0x40000144   0x00000120   Zero   RW           16    .bss                file_config.o
    0x40000264   0x0000008c   Zero   RW           17    .bss                file_config.o
    0x400002f0   0x00000040   Zero   RW           48    .bss                usb_config.o
    0x40000330   0x00000200   Zero   RW           49    .bss                usb_config.o
    0x40000530   0x00000080   Zero   RW           50    .bss                usb_config.o
    0x400005b0   0x00000080   Zero   RW           51    .bss                usb_config.o
    0x40000630   0x00000194   Zero   RW          197    .bss                rtx_conf_lpc23xx.o
    0x400007c4   0x00000004   PAD
    0x400007c8   0x00000c90   Zero   RW          198    .bss                rtx_conf_lpc23xx.o
    0x40001458   0x00000204   Zero   RW          199    .bss                rtx_conf_lpc23xx.o
    0x4000165c   0x0000001c   Zero   RW          200    .bss                rtx_conf_lpc23xx.o
    0x40001678   0x00000320   Zero   RW          201    .bss                rtx_conf_lpc23xx.o
    0x40001998   0x00000110   Zero   RW          316    .bss                uart_lpc23xx.o
    0x40001aa8   0x00000020   Zero   RW          377    .bss                usbd_lpc23xx.o
    0x40001ac8   0x00000640   Zero   RW          464    .bss                memory.o
    0x40002108   0x00000040   Zero   RW          584    .bss                USB_ARM_L.lib(usbd_core.o)
    0x40002148   0x0000002c   Zero   RW          755    .bss                USB_ARM_L.lib(usbd_msc.o)
    0x40002174   0x00000038   Zero   RW          811    .bss                RTX_ARM_L.LIB(rt_task.o)
    0x400021ac   0x00000030   Zero   RW         1385    .bss                RTX_ARM_L.LIB(rt_list.o)
    0x400021dc   0x00000060   Zero   RW         1625    .bss                c_t.l(libspace.o)
    0x4000223c   0x00000054   Zero   RW         1834    .bss                c_t.l(stdio_streams.o)
    0x40002290   0x00000054   Zero   RW         1835    .bss                c_t.l(stdio_streams.o)
    0x400022e4   0x00000054   Zero   RW         1836    .bss                c_t.l(stdio_streams.o)
    0x40002338   0x00000800   Zero   RW            7    HEAP                lpc2300.o
    0x40002b38   0x00000520   Zero   RW            6    STACK               lpc2300.o



  Load Region LR$$.ARM.__AT_0x7FD00000 (Base: 0x7fd00000, Size: 0x00000000, Max: 0x00001400, ABSOLUTE)

    Execution Region ER$$.ARM.__AT_0x7FD00000 (Base: 0x7fd00000, Size: 0x00001400, Max: 0x00001400, ABSOLUTE, UNINIT)

    Base Addr    Size         Type   Attr      Idx    E Section Name        Object

    0x7fd00000   0x00001400   Zero   RW           15    .ARM.__AT_0x7FD00000  file_config.o


==============================================================================

Image component sizes


      Code (inc. data)   RO Data    RW Data    ZI Data      Debug   Object Name

       232         22         36          0       5548      21311   file_config.o
       400         16         64          0          0       3332   lcd_4bit.o
       408         68          0          0       3360        528   lpc2300.o
       696         62         44          0          0       3663   mci_lpc23xx.o
       312         88          0         16       1600       1691   memory.o
       360         28         20          0          0      10203   retarget.o
       252         46         27          8       4964       3847   rtx_conf_lpc23xx.o
        92          8          0          0          0        743   serial.o
        52         52          0          0          0        212   swi_table.o
      1312         90          0         20        272       7674   uart_lpc23xx.o
       252         28        583         17        832      29652   usb_config.o
      1536        146          0          8         32       7232   usbd_lpc23xx.o
       612        116          0         12          0       1978   usbd_user_adc.o
        68          6          0          8          0       1908   usbd_user_cdc_acm.o
       136         34          0          0          0       1430   usbd_user_msc.o

    ----------------------------------------------------------------------
      6784        822        812         92      16612      95404   Object Totals
        64         12         32          0          0          0   (incl. Generated)
         0          0          6          3          4          0   (incl. Padding)

    ----------------------------------------------------------------------

      Code (inc. data)   RO Data    RW Data    ZI Data      Debug   Library Member Name

      7374        128       1196          0          0       4372   fs_fat.o
       332         10          0          0          0        608   fs_ioc.o
       424         46          0          0          0        488   fs_lib.o
       116         22          0          1          0         84   fs_mapi.o
      2062         36         16          0          0       1404   fs_mci.o
       740         74          0          0          0        596   fs_sys.o
        14          4          0          0          0        120   fs_time.o
       752         80          0          5          0       4387   hal_arm.o
       336         28          0          0          0       2907   rt_event.o
       528         34          0          0         48       5243   rt_list.o
       144          4          0          0          0        737   rt_mailbox.o
       112          0          0          0          0       1784   rt_membox.o
       408         18          0          0          0       2133   rt_mutex.o
        96         20          0          8          0       1070   rt_robin.o
        56          6          0          0          0        573   rt_semaphore.o
       256         26          4          8          0       1854   rt_system.o
      1088        156          0          4         56       7790   rt_task.o
         0          0          0          4          0        178   rt_time.o
        68         10          0          8          0        695   rt_timer.o
       304         46          0         12          0        320   usbd_adc.o
       928        116          0         63          0       1688   usbd_cdc_acm.o
      2310        214          0         44         64       1276   usbd_core.o
       308         60          0          0          0        336   usbd_core_adc.o
       268         36          0          0          0        168   usbd_core_cdc.o
       132         18          0          0          0        160   usbd_core_msc.o
      3434        430          0         56         44       2536   usbd_msc.o
        68          2          0          0          0          0   __dczerorl.o
         8          0          0          0          0         68   __main.o
       118          0          0          0          0         88   __printf.o
         0          0          0          0          0          0   __rtentry.o
        44          4          0          0          0          0   __rtentry2.o
         8          0          0          0          0          0   __rtentry4.o
        60          8          0          0          0          0   __scatter.o
        44          0          0          0          0          0   __scatter_zi.o
         8          0          0          0          0          0   _printf_c.o
        58          0          0          0          0        112   _printf_char.o
        48          4          0          0          0         96   _printf_char_common.o
         4          0          0          0          0          0   _printf_percent.o
         8          0          0          0          0          0   _printf_percent_end.o
        88          0          0          0          0         84   _printf_str.o
        10          0          0          0          0         60   _sputc.o
        20          0          0          0          0         68   aeabi_memset.o
       424          0          0          0          0        148   aeabi_sdiv.o
        16          0          0          0          0         80   defsig_exit.o
        56          0          0          0          0         84   defsig_general.o
        84         58          0          0          0         80   defsig_rtmem_inner.o
        16          0          0          0          0         80   defsig_rtmem_outer.o
        56         38          0          0          0         80   defsig_rtred_inner.o
        16          0          0          0          0         80   defsig_rtred_outer.o
        20          0          0          0          0         80   exit.o
        80          4          0          0          0         92   fclose.o
       332         12          0          0          0        188   fopen_locked.o
       248          4          0          0          0         92   fseek.o
        70          0          0          0          0         80   ftell.o
       166          0          0          0          0        156   h1_alloc_mt.o
        58          0          0          0          0         84   h1_extend_mt.o
       124          0          0          0          0        124   h1_free_mt.o
        26          0          0          0          0         96   h1_init_mt.o
         6          0          0          0          0        136   heapauxi.o
         4          0          0          0          0        120   hguard.o
       148          0          0          0          0        192   init_alloc.o
       468         50          0          0          0        124   initio_locked.o
        84          8        272          0          0         92   lc_ctype_c.o
        10          0          0          0          0          0   libinit.o
        42          0          0          0          0          0   libinit2.o
        12          0          0          0          0          0   libshutdown.o
        10          0          0          0          0          0   libshutdown2.o
        12          4          0          0         96         68   libspace.o
         0          0          0          0          0          0   maybetermalloc1.o
        40          4          0          0          0         84   noretval__2sprintf.o
        28          4          0          0          0         84   rt_ctype_table.o
         8          0          0          0          0         68   rt_errno_addr_twolibspace.o
        24          0          0          0          0         80   rt_heap_descriptor_twolibspace.o
        24          0          0          0          0         80   rt_locale_twolibspace.o
        68          0          0          0          0         68   rt_memclr.o
        88          0          0          0          0         80   rt_memclr_w.o
       216          0          0          0          0         68   rt_memcpy.o
       104          0          0          0          0         80   rt_memcpy_w.o
         8          0          0          0          0          0   rtexit.o
        12          0          0          0          0          0   rtexit2.o
       112          4          0          0          0         92   setvbuf_locked.o
       252          8          0          0          0        184   stdio.o
         0          0          0         12        252          0   stdio_streams.o
       248          4          0          0          0         80   strcmp.o
         0          0          0          4          0          0   streamlock.o
        68          4          0          0          0         76   strlen.o
        50          0          0          0          0         88   strncasecmp.o
        96          0          0          0          0         80   sys_stackheap_outer.o
        30          0          0          0          0         80   tolower.o
        36          0          0          0          0         68   uread4.o
         4          0          0          0          0         68   use_no_semi.o
        36          0          0          0          0         68   uwrite4.o
        12          4          0          0          0         68   fcheck1.o
        28          0          0          0          0         68   fcmpi.o
       404         76          0          0          0         96   fdiv.o
        88          4          0          0          0         84   ffixu.o
       104          0          0          0          0        136   fflt_noclz.o
       136          4          0          0          0         84   fleqf.o
       260          4          0          0          0         84   fmul.o
       168          0          0          0          0         96   fnaninf.o
        16          0          0          0          0         68   fretinf.o
       128          0          0          0          0         68   frleqf.o
       116          0          0          0          0         68   retnan.o
        96          0          0          0          0         68   scalbnf.o
        60          0          0          0          0         68   trapv.o
         0          0          0          0          0          0   usenofp.o

    ----------------------------------------------------------------------
     28976       1938       1488        232        560      49071   Library Totals
        36          0          0          3          0          0   (incl. Padding)

    ----------------------------------------------------------------------

      Code (inc. data)   RO Data    RW Data    ZI Data      Debug   Library Name

     11062        320       1212          1          0       7672   FS_ARM_L.lib
      3844        382          4         37        104      29351   RTX_ARM_L.LIB
      7684        920          0        175        108       6484   USB_ARM_L.lib
      4734        224        272         16        348       4508   c_t.l
      1616         92          0          0          0       1056   fz_ts.l

    ----------------------------------------------------------------------
     28976       1938       1488        232        560      49071   Library Totals

    ----------------------------------------------------------------------

==============================================================================


      Code (inc. data)   RO Data    RW Data    ZI Data      Debug   

     35760       2760       2300        324      17172     130363   Grand Totals
     35760       2760       2300         12      17172     130363   ELF Image Totals (compressed)
     35760       2760       2300         12          0          0   ROM Totals

==============================================================================

    Total RO  Size (Code + RO Data)                38060 (  37.17kB)
    Total RW  Size (RW Data + ZI Data)             17496 (  17.09kB)
    Total ROM Size (Code + RO Data + RW Data)      38072 (  37.18kB)

==============================================================================

