<html>
<body>
<pre>
<h1>µVision Build Log</h1>
<h2>Tool Versions:</h2>
IDE-Version: µVision V5.20.0.0
Copyright (C) 2016 ARM Ltd and ARM Germany GmbH. All rights reserved.
License Information: bits bits, bits, LIC=HN0D1-CC3G6-90SNI-RXJNT-21WVS-ZDPY8
 
Tool Versions:
Toolchain:       MDK-ARM Plus  Version: 5.20
Toolchain Path:  C:\Keil_v5\ARM\ARMCC\Bin
C Compiler:      Armcc.exe V5.06 update 2 (build 183)
Assembler:       Armasm.exe V5.06 update 2 (build 183)
Linker/Locator:  ArmLink.exe V5.06 update 2 (build 183)
Library Manager: ArmAr.exe V5.06 update 2 (build 183)
Hex Converter:   FromElf.exe V5.06 update 2 (build 183)
CPU DLL:         SARM.DLL V5.20
Dialog DLL:      DARMP.DLL V1.52.0.0
Target DLL:      UL2ARM.DLL V1.74.8.0
Dialog DLL:      TARMP.DLL V1.52.0.0
 
<h2>Project:</h2>
C:\Users\admin\Desktop\Moosa\SD_File\Memory.uvproj
Project File Date:  10/20/2018

<h2>Output:</h2>
*** Using Compiler 'V5.06 update 2 (build 183)', folder: 'C:\Keil_v5\ARM\ARMCC\Bin'
Rebuild target 'LPC23xx Flash'
compiling LED.c...
assembling LPC2300.s...
compiling RTX_Conf_LPC23xx.c...
compiling KBD.c...
assembling SWI_Table.s...
compiling File_Config.c...
compiling usb_config.c...
compiling Serial.c...
compiling LCD_4bit.c...
compiling Retarget.c...
compiling MCI_LPC23xx.c...
compiling usbd_user_adc.c...
compiling UART_LPC23xx.c...
compiling usbd_LPC23xx.c...
compiling usbd_user_cdc_acm.c...
compiling usbd_user_msc.c...
compiling Memory.c...
Memory.c(86): warning:  #167-D: argument of type "char *" is incompatible with parameter of type "const unsigned char *"
  			lcd_print(str);
Memory.c: 1 warning, 0 errors
linking...
Program Size: Code=35760 RO-data=2300 RW-data=324 ZI-data=17172  
".\Obj\Memory.axf" - 0 Error(s), 1 Warning(s).
Build Time Elapsed:  00:00:01
</pre>
</body>
</html>
